Archive member included to satisfy reference by file (symbol)

C:/devkitPro/libgba/lib\libgba.a(input.o)
                              gameplay.o (scanKeys)
C:/devkitPro/libgba/lib\libgba.a(interrupt.o)
                              main.o (irqInit)
C:/devkitPro/libgba/lib\libgba.a(InterruptDispatcher.o)
                              C:/devkitPro/libgba/lib\libgba.a(interrupt.o) (IntrMain)
C:/devkitPro/devkitARM/bin/../lib/gcc/arm-none-eabi/13.2.0/../../../../arm-none-eabi/lib/thumb\libg.a(libc_a-malloc.o)
                              graphics.o (malloc)
C:/devkitPro/devkitARM/bin/../lib/gcc/arm-none-eabi/13.2.0/../../../../arm-none-eabi/lib/thumb\libg.a(libc_a-init.o)
                              C:/devkitPro/devkitARM/bin/../lib/gcc/arm-none-eabi/13.2.0/../../../../arm-none-eabi/lib/thumb/gba_crt0.o (__libc_init_array)
C:/devkitPro/devkitARM/bin/../lib/gcc/arm-none-eabi/13.2.0/../../../../arm-none-eabi/lib/thumb\libg.a(libc_a-mallocr.o)
                              C:/devkitPro/devkitARM/bin/../lib/gcc/arm-none-eabi/13.2.0/../../../../arm-none-eabi/lib/thumb\libg.a(libc_a-malloc.o) (_malloc_r)
C:/devkitPro/devkitARM/bin/../lib/gcc/arm-none-eabi/13.2.0/../../../../arm-none-eabi/lib/thumb\libg.a(libc_a-freer.o)
                              C:/devkitPro/devkitARM/bin/../lib/gcc/arm-none-eabi/13.2.0/../../../../arm-none-eabi/lib/thumb\libg.a(libc_a-malloc.o) (_free_r)
C:/devkitPro/devkitARM/bin/../lib/gcc/arm-none-eabi/13.2.0/../../../../arm-none-eabi/lib/thumb\libg.a(libc_a-mlock.o)
                              C:/devkitPro/devkitARM/bin/../lib/gcc/arm-none-eabi/13.2.0/../../../../arm-none-eabi/lib/thumb\libg.a(libc_a-mallocr.o) (__malloc_lock)
C:/devkitPro/devkitARM/bin/../lib/gcc/arm-none-eabi/13.2.0/../../../../arm-none-eabi/lib/thumb\libsysbase.a(libsysbase_libsysbase_a-getreent.o)
                              C:/devkitPro/devkitARM/bin/../lib/gcc/arm-none-eabi/13.2.0/../../../../arm-none-eabi/lib/thumb\libg.a(libc_a-malloc.o) (__getreent)
C:/devkitPro/devkitARM/bin/../lib/gcc/arm-none-eabi/13.2.0/../../../../arm-none-eabi/lib/thumb\libsysbase.a(libsysbase_libsysbase_a-malloc_vars.o)
                              C:/devkitPro/devkitARM/bin/../lib/gcc/arm-none-eabi/13.2.0/../../../../arm-none-eabi/lib/thumb/gba_crt0.o (fake_heap_end)
C:/devkitPro/devkitARM/bin/../lib/gcc/arm-none-eabi/13.2.0/../../../../arm-none-eabi/lib/thumb\libsysbase.a(libsysbase_libsysbase_a-sbrk.o)
                              C:/devkitPro/devkitARM/bin/../lib/gcc/arm-none-eabi/13.2.0/../../../../arm-none-eabi/lib/thumb\libg.a(libc_a-mallocr.o) (_sbrk_r)
C:/devkitPro/devkitARM/bin/../lib/gcc/arm-none-eabi/13.2.0/../../../../arm-none-eabi/lib/thumb\libsysbase.a(libsysbase_libsysbase_a-syscall_support.o)
                              C:/devkitPro/devkitARM/bin/../lib/gcc/arm-none-eabi/13.2.0/../../../../arm-none-eabi/lib/thumb\libg.a(libc_a-mlock.o) (__libc_lock_acquire_recursive)
C:/devkitPro/devkitARM/bin/../lib/gcc/arm-none-eabi/13.2.0/../../../../arm-none-eabi/lib/thumb\libsysbase.a(libsysbase_libsysbase_a-clocks.o)
                              C:/devkitPro/devkitARM/bin/../lib/gcc/arm-none-eabi/13.2.0/../../../../arm-none-eabi/lib/thumb\libsysbase.a(libsysbase_libsysbase_a-syscall_support.o) (clock_gettime)
C:/devkitPro/devkitARM/bin/../lib/gcc/arm-none-eabi/13.2.0/thumb\libgcc.a(_udivsi3.o)
                              C:/devkitPro/devkitARM/bin/../lib/gcc/arm-none-eabi/13.2.0/../../../../arm-none-eabi/lib/thumb\libsysbase.a(libsysbase_libsysbase_a-syscall_support.o) (__aeabi_uidiv)
C:/devkitPro/devkitARM/bin/../lib/gcc/arm-none-eabi/13.2.0/thumb\libgcc.a(_divsi3.o)
                              C:/devkitPro/devkitARM/bin/../lib/gcc/arm-none-eabi/13.2.0/../../../../arm-none-eabi/lib/thumb\libsysbase.a(libsysbase_libsysbase_a-syscall_support.o) (__aeabi_idiv)
C:/devkitPro/devkitARM/bin/../lib/gcc/arm-none-eabi/13.2.0/thumb\libgcc.a(_dvmd_tls.o)
                              C:/devkitPro/devkitARM/bin/../lib/gcc/arm-none-eabi/13.2.0/thumb\libgcc.a(_udivsi3.o) (__aeabi_idiv0)
C:/devkitPro/devkitARM/bin/../lib/gcc/arm-none-eabi/13.2.0/thumb\libgcc.a(_muldi3.o)
                              C:/devkitPro/devkitARM/bin/../lib/gcc/arm-none-eabi/13.2.0/../../../../arm-none-eabi/lib/thumb\libsysbase.a(libsysbase_libsysbase_a-syscall_support.o) (__aeabi_lmul)
C:/devkitPro/devkitARM/bin/../lib/gcc/arm-none-eabi/13.2.0/../../../../arm-none-eabi/lib/thumb\libg.a(libc_a-impure.o)
                              C:/devkitPro/devkitARM/bin/../lib/gcc/arm-none-eabi/13.2.0/../../../../arm-none-eabi/lib/thumb\libsysbase.a(libsysbase_libsysbase_a-getreent.o) (_impure_ptr)
C:/devkitPro/devkitARM/bin/../lib/gcc/arm-none-eabi/13.2.0/../../../../arm-none-eabi/lib/thumb\libg.a(libc_a-findfp.o)
                              C:/devkitPro/devkitARM/bin/../lib/gcc/arm-none-eabi/13.2.0/../../../../arm-none-eabi/lib/thumb\libg.a(libc_a-impure.o) (__sf)
C:/devkitPro/devkitARM/bin/../lib/gcc/arm-none-eabi/13.2.0/../../../../arm-none-eabi/lib/thumb\libg.a(libc_a-errno.o)
                              C:/devkitPro/devkitARM/bin/../lib/gcc/arm-none-eabi/13.2.0/../../../../arm-none-eabi/lib/thumb\libsysbase.a(libsysbase_libsysbase_a-clocks.o) (__errno)
C:/devkitPro/devkitARM/bin/../lib/gcc/arm-none-eabi/13.2.0/../../../../arm-none-eabi/lib/thumb\libg.a(libc_a-memset.o)
                              C:/devkitPro/devkitARM/bin/../lib/gcc/arm-none-eabi/13.2.0/../../../../arm-none-eabi/lib/thumb\libg.a(libc_a-findfp.o) (memset)
C:/devkitPro/devkitARM/bin/../lib/gcc/arm-none-eabi/13.2.0/../../../../arm-none-eabi/lib/thumb\libg.a(libc_a-fwalk.o)
                              C:/devkitPro/devkitARM/bin/../lib/gcc/arm-none-eabi/13.2.0/../../../../arm-none-eabi/lib/thumb\libg.a(libc_a-findfp.o) (_fwalk_sglue)
C:/devkitPro/devkitARM/bin/../lib/gcc/arm-none-eabi/13.2.0/../../../../arm-none-eabi/lib/thumb\libg.a(libc_a-stdio.o)
                              C:/devkitPro/devkitARM/bin/../lib/gcc/arm-none-eabi/13.2.0/../../../../arm-none-eabi/lib/thumb\libg.a(libc_a-findfp.o) (__sread)
C:/devkitPro/devkitARM/bin/../lib/gcc/arm-none-eabi/13.2.0/../../../../arm-none-eabi/lib/thumb\libg.a(libc_a-fclose.o)
                              C:/devkitPro/devkitARM/bin/../lib/gcc/arm-none-eabi/13.2.0/../../../../arm-none-eabi/lib/thumb\libg.a(libc_a-findfp.o) (_fclose_r)
C:/devkitPro/devkitARM/bin/../lib/gcc/arm-none-eabi/13.2.0/../../../../arm-none-eabi/lib/thumb\libg.a(libc_a-fflush.o)
                              C:/devkitPro/devkitARM/bin/../lib/gcc/arm-none-eabi/13.2.0/../../../../arm-none-eabi/lib/thumb\libg.a(libc_a-fclose.o) (__sflush_r)
C:/devkitPro/devkitARM/bin/../lib/gcc/arm-none-eabi/13.2.0/../../../../arm-none-eabi/lib/thumb\libsysbase.a(libsysbase_libsysbase_a-handle_manager.o)
                              C:/devkitPro/devkitARM/bin/../lib/gcc/arm-none-eabi/13.2.0/../../../../arm-none-eabi/lib/thumb\libg.a(libc_a-stdio.o) (_close_r)
C:/devkitPro/devkitARM/bin/../lib/gcc/arm-none-eabi/13.2.0/../../../../arm-none-eabi/lib/thumb\libsysbase.a(libsysbase_libsysbase_a-iosupport.o)
                              C:/devkitPro/devkitARM/bin/../lib/gcc/arm-none-eabi/13.2.0/../../../../arm-none-eabi/lib/thumb\libsysbase.a(libsysbase_libsysbase_a-handle_manager.o) (devoptab_list)
C:/devkitPro/devkitARM/bin/../lib/gcc/arm-none-eabi/13.2.0/../../../../arm-none-eabi/lib/thumb\libsysbase.a(libsysbase_libsysbase_a-lseek.o)
                              C:/devkitPro/devkitARM/bin/../lib/gcc/arm-none-eabi/13.2.0/../../../../arm-none-eabi/lib/thumb\libg.a(libc_a-stdio.o) (_lseek_r)
C:/devkitPro/devkitARM/bin/../lib/gcc/arm-none-eabi/13.2.0/../../../../arm-none-eabi/lib/thumb\libsysbase.a(libsysbase_libsysbase_a-read.o)
                              C:/devkitPro/devkitARM/bin/../lib/gcc/arm-none-eabi/13.2.0/../../../../arm-none-eabi/lib/thumb\libg.a(libc_a-stdio.o) (_read_r)
C:/devkitPro/devkitARM/bin/../lib/gcc/arm-none-eabi/13.2.0/../../../../arm-none-eabi/lib/thumb\libsysbase.a(libsysbase_libsysbase_a-write.o)
                              C:/devkitPro/devkitARM/bin/../lib/gcc/arm-none-eabi/13.2.0/../../../../arm-none-eabi/lib/thumb\libg.a(libc_a-stdio.o) (_write_r)
C:/devkitPro/devkitARM/bin/../lib/gcc/arm-none-eabi/13.2.0/../../../../arm-none-eabi/lib/thumb\libg.a(libc_a-strncmp.o)
                              C:/devkitPro/devkitARM/bin/../lib/gcc/arm-none-eabi/13.2.0/../../../../arm-none-eabi/lib/thumb\libsysbase.a(libsysbase_libsysbase_a-iosupport.o) (strncmp)
C:/devkitPro/devkitARM/bin/../lib/gcc/arm-none-eabi/13.2.0/../../../../arm-none-eabi/lib/thumb\libg.a(libc_a-strchr.o)
                              C:/devkitPro/devkitARM/bin/../lib/gcc/arm-none-eabi/13.2.0/../../../../arm-none-eabi/lib/thumb\libsysbase.a(libsysbase_libsysbase_a-iosupport.o) (strchr)
C:/devkitPro/devkitARM/bin/../lib/gcc/arm-none-eabi/13.2.0/../../../../arm-none-eabi/lib/thumb\libg.a(libc_a-strlen-stub.o)
                              C:/devkitPro/devkitARM/bin/../lib/gcc/arm-none-eabi/13.2.0/../../../../arm-none-eabi/lib/thumb\libsysbase.a(libsysbase_libsysbase_a-iosupport.o) (strlen)
C:/devkitPro/devkitARM/bin/../lib/gcc/arm-none-eabi/13.2.0/../../../../arm-none-eabi/lib/thumb\libg.a(libc_a-ctype_.o)
                              C:/devkitPro/devkitARM/bin/../lib/gcc/arm-none-eabi/13.2.0/../../../../arm-none-eabi/lib/thumb\libsysbase.a(libsysbase_libsysbase_a-iosupport.o) (_ctype_)
C:/devkitPro/devkitARM/bin/../lib/gcc/arm-none-eabi/13.2.0/../../../../arm-none-eabi/lib/thumb\libg.a(libc_a-strcmp.o)
                              C:/devkitPro/devkitARM/bin/../lib/gcc/arm-none-eabi/13.2.0/../../../../arm-none-eabi/lib/thumb\libsysbase.a(libsysbase_libsysbase_a-iosupport.o) (strcmp)

Discarded input sections

 .text          0x00000000        0x0 C:/devkitPro/devkitARM/bin/../lib/gcc/arm-none-eabi/13.2.0/../../../../arm-none-eabi/lib/thumb/gba_crt0.o
 .data          0x00000000        0x0 C:/devkitPro/devkitARM/bin/../lib/gcc/arm-none-eabi/13.2.0/../../../../arm-none-eabi/lib/thumb/gba_crt0.o
 .bss           0x00000000        0x0 C:/devkitPro/devkitARM/bin/../lib/gcc/arm-none-eabi/13.2.0/../../../../arm-none-eabi/lib/thumb/gba_crt0.o
 .text          0x00000000        0x0 C:/devkitPro/devkitARM/bin/../lib/gcc/arm-none-eabi/13.2.0/thumb/crti.o
 .data          0x00000000        0x0 C:/devkitPro/devkitARM/bin/../lib/gcc/arm-none-eabi/13.2.0/thumb/crti.o
 .bss           0x00000000        0x0 C:/devkitPro/devkitARM/bin/../lib/gcc/arm-none-eabi/13.2.0/thumb/crti.o
 .text          0x00000000        0x0 C:/devkitPro/devkitARM/bin/../lib/gcc/arm-none-eabi/13.2.0/thumb/crtbegin.o
 .data          0x00000000        0x0 C:/devkitPro/devkitARM/bin/../lib/gcc/arm-none-eabi/13.2.0/thumb/crtbegin.o
 .bss           0x00000000        0x0 C:/devkitPro/devkitARM/bin/../lib/gcc/arm-none-eabi/13.2.0/thumb/crtbegin.o
 .rodata.all_implied_fbits
                0x00000000       0x24 C:/devkitPro/devkitARM/bin/../lib/gcc/arm-none-eabi/13.2.0/thumb/crtbegin.o
 .data.__dso_handle
                0x00000000        0x4 C:/devkitPro/devkitARM/bin/../lib/gcc/arm-none-eabi/13.2.0/thumb/crtbegin.o
 .text          0x00000000        0x4 end_game.o
 .data          0x00000000        0x0 end_game.o
 .bss           0x00000000        0x0 end_game.o
 .debug_info    0x00000000       0x9f end_game.o
 .debug_abbrev  0x00000000       0x56 end_game.o
 .debug_aranges
                0x00000000       0x20 end_game.o
 .debug_line    0x00000000       0x57 end_game.o
 .debug_str     0x00000000      0x14b end_game.o
 .comment       0x00000000       0x24 end_game.o
 .debug_frame   0x00000000       0x20 end_game.o
 .data          0x00000000        0x0 gameplay.o
 .bss           0x00000000        0x0 gameplay.o
 .bss           0x00000000        0x0 graphics.o
 .text          0x00000000        0x0 main.o
 .data          0x00000000        0x0 main.o
 .bss           0x00000000        0x0 main.o
 .bss           0x00000000        0x0 main_menu.o
 .bss           0x00000000        0x0 run_game.o
 .text          0x00000000        0x4 set_game.o
 .data          0x00000000        0x0 set_game.o
 .bss           0x00000000        0x0 set_game.o
 .debug_info    0x00000000       0x9f set_game.o
 .debug_abbrev  0x00000000       0x56 set_game.o
 .debug_aranges
                0x00000000       0x20 set_game.o
 .debug_line    0x00000000       0x57 set_game.o
 .debug_str     0x00000000      0x14b set_game.o
 .comment       0x00000000       0x24 set_game.o
 .debug_frame   0x00000000       0x20 set_game.o
 .data          0x00000000        0x0 C:/devkitPro/libgba/lib\libgba.a(interrupt.o)
 .text          0x00000000        0x0 C:/devkitPro/libgba/lib\libgba.a(InterruptDispatcher.o)
 .data          0x00000000        0x0 C:/devkitPro/libgba/lib\libgba.a(InterruptDispatcher.o)
 .bss           0x00000000        0x0 C:/devkitPro/libgba/lib\libgba.a(InterruptDispatcher.o)
 .text          0x00000000        0x0 C:/devkitPro/devkitARM/bin/../lib/gcc/arm-none-eabi/13.2.0/../../../../arm-none-eabi/lib/thumb\libg.a(libc_a-malloc.o)
 .data          0x00000000        0x0 C:/devkitPro/devkitARM/bin/../lib/gcc/arm-none-eabi/13.2.0/../../../../arm-none-eabi/lib/thumb\libg.a(libc_a-malloc.o)
 .bss           0x00000000        0x0 C:/devkitPro/devkitARM/bin/../lib/gcc/arm-none-eabi/13.2.0/../../../../arm-none-eabi/lib/thumb\libg.a(libc_a-malloc.o)
 .text          0x00000000        0x0 C:/devkitPro/devkitARM/bin/../lib/gcc/arm-none-eabi/13.2.0/../../../../arm-none-eabi/lib/thumb\libg.a(libc_a-init.o)
 .data          0x00000000        0x0 C:/devkitPro/devkitARM/bin/../lib/gcc/arm-none-eabi/13.2.0/../../../../arm-none-eabi/lib/thumb\libg.a(libc_a-init.o)
 .bss           0x00000000        0x0 C:/devkitPro/devkitARM/bin/../lib/gcc/arm-none-eabi/13.2.0/../../../../arm-none-eabi/lib/thumb\libg.a(libc_a-init.o)
 .text          0x00000000        0x0 C:/devkitPro/devkitARM/bin/../lib/gcc/arm-none-eabi/13.2.0/../../../../arm-none-eabi/lib/thumb\libg.a(libc_a-mallocr.o)
 .data          0x00000000        0x0 C:/devkitPro/devkitARM/bin/../lib/gcc/arm-none-eabi/13.2.0/../../../../arm-none-eabi/lib/thumb\libg.a(libc_a-mallocr.o)
 .bss           0x00000000        0x0 C:/devkitPro/devkitARM/bin/../lib/gcc/arm-none-eabi/13.2.0/../../../../arm-none-eabi/lib/thumb\libg.a(libc_a-mallocr.o)
 .text          0x00000000        0x0 C:/devkitPro/devkitARM/bin/../lib/gcc/arm-none-eabi/13.2.0/../../../../arm-none-eabi/lib/thumb\libg.a(libc_a-freer.o)
 .data          0x00000000        0x0 C:/devkitPro/devkitARM/bin/../lib/gcc/arm-none-eabi/13.2.0/../../../../arm-none-eabi/lib/thumb\libg.a(libc_a-freer.o)
 .bss           0x00000000        0x0 C:/devkitPro/devkitARM/bin/../lib/gcc/arm-none-eabi/13.2.0/../../../../arm-none-eabi/lib/thumb\libg.a(libc_a-freer.o)
 .text          0x00000000        0x0 C:/devkitPro/devkitARM/bin/../lib/gcc/arm-none-eabi/13.2.0/../../../../arm-none-eabi/lib/thumb\libg.a(libc_a-mlock.o)
 .data          0x00000000        0x0 C:/devkitPro/devkitARM/bin/../lib/gcc/arm-none-eabi/13.2.0/../../../../arm-none-eabi/lib/thumb\libg.a(libc_a-mlock.o)
 .bss           0x00000000        0x0 C:/devkitPro/devkitARM/bin/../lib/gcc/arm-none-eabi/13.2.0/../../../../arm-none-eabi/lib/thumb\libg.a(libc_a-mlock.o)
 .text          0x00000000        0x0 C:/devkitPro/devkitARM/bin/../lib/gcc/arm-none-eabi/13.2.0/../../../../arm-none-eabi/lib/thumb\libsysbase.a(libsysbase_libsysbase_a-getreent.o)
 .data          0x00000000        0x0 C:/devkitPro/devkitARM/bin/../lib/gcc/arm-none-eabi/13.2.0/../../../../arm-none-eabi/lib/thumb\libsysbase.a(libsysbase_libsysbase_a-getreent.o)
 .bss           0x00000000        0x0 C:/devkitPro/devkitARM/bin/../lib/gcc/arm-none-eabi/13.2.0/../../../../arm-none-eabi/lib/thumb\libsysbase.a(libsysbase_libsysbase_a-getreent.o)
 .text          0x00000000        0x0 C:/devkitPro/devkitARM/bin/../lib/gcc/arm-none-eabi/13.2.0/../../../../arm-none-eabi/lib/thumb\libsysbase.a(libsysbase_libsysbase_a-malloc_vars.o)
 .data          0x00000000        0x0 C:/devkitPro/devkitARM/bin/../lib/gcc/arm-none-eabi/13.2.0/../../../../arm-none-eabi/lib/thumb\libsysbase.a(libsysbase_libsysbase_a-malloc_vars.o)
 .bss           0x00000000        0x0 C:/devkitPro/devkitARM/bin/../lib/gcc/arm-none-eabi/13.2.0/../../../../arm-none-eabi/lib/thumb\libsysbase.a(libsysbase_libsysbase_a-malloc_vars.o)
 .text          0x00000000        0x0 C:/devkitPro/devkitARM/bin/../lib/gcc/arm-none-eabi/13.2.0/../../../../arm-none-eabi/lib/thumb\libsysbase.a(libsysbase_libsysbase_a-sbrk.o)
 .data          0x00000000        0x0 C:/devkitPro/devkitARM/bin/../lib/gcc/arm-none-eabi/13.2.0/../../../../arm-none-eabi/lib/thumb\libsysbase.a(libsysbase_libsysbase_a-sbrk.o)
 .bss           0x00000000        0x0 C:/devkitPro/devkitARM/bin/../lib/gcc/arm-none-eabi/13.2.0/../../../../arm-none-eabi/lib/thumb\libsysbase.a(libsysbase_libsysbase_a-sbrk.o)
 .text          0x00000000        0x0 C:/devkitPro/devkitARM/bin/../lib/gcc/arm-none-eabi/13.2.0/../../../../arm-none-eabi/lib/thumb\libsysbase.a(libsysbase_libsysbase_a-syscall_support.o)
 .data          0x00000000        0x0 C:/devkitPro/devkitARM/bin/../lib/gcc/arm-none-eabi/13.2.0/../../../../arm-none-eabi/lib/thumb\libsysbase.a(libsysbase_libsysbase_a-syscall_support.o)
 .bss           0x00000000        0x0 C:/devkitPro/devkitARM/bin/../lib/gcc/arm-none-eabi/13.2.0/../../../../arm-none-eabi/lib/thumb\libsysbase.a(libsysbase_libsysbase_a-syscall_support.o)
 .text.timespec2nsec
                0x00000000       0x24 C:/devkitPro/devkitARM/bin/../lib/gcc/arm-none-eabi/13.2.0/../../../../arm-none-eabi/lib/thumb\libsysbase.a(libsysbase_libsysbase_a-syscall_support.o)
 .text.abstimespec2nsec
                0x00000000       0xc8 C:/devkitPro/devkitARM/bin/../lib/gcc/arm-none-eabi/13.2.0/../../../../arm-none-eabi/lib/thumb\libsysbase.a(libsysbase_libsysbase_a-syscall_support.o)
 .text.__libc_lock_acquire
                0x00000000       0x18 C:/devkitPro/devkitARM/bin/../lib/gcc/arm-none-eabi/13.2.0/../../../../arm-none-eabi/lib/thumb\libsysbase.a(libsysbase_libsysbase_a-syscall_support.o)
 .text.__libc_lock_try_acquire
                0x00000000       0x1c C:/devkitPro/devkitARM/bin/../lib/gcc/arm-none-eabi/13.2.0/../../../../arm-none-eabi/lib/thumb\libsysbase.a(libsysbase_libsysbase_a-syscall_support.o)
 .text.__libc_lock_release
                0x00000000       0x18 C:/devkitPro/devkitARM/bin/../lib/gcc/arm-none-eabi/13.2.0/../../../../arm-none-eabi/lib/thumb\libsysbase.a(libsysbase_libsysbase_a-syscall_support.o)
 .text.__libc_lock_try_acquire_recursive
                0x00000000       0x1c C:/devkitPro/devkitARM/bin/../lib/gcc/arm-none-eabi/13.2.0/../../../../arm-none-eabi/lib/thumb\libsysbase.a(libsysbase_libsysbase_a-syscall_support.o)
 .text.__libc_cond_signal
                0x00000000       0x1c C:/devkitPro/devkitARM/bin/../lib/gcc/arm-none-eabi/13.2.0/../../../../arm-none-eabi/lib/thumb\libsysbase.a(libsysbase_libsysbase_a-syscall_support.o)
 .text.__libc_cond_broadcast
                0x00000000       0x1c C:/devkitPro/devkitARM/bin/../lib/gcc/arm-none-eabi/13.2.0/../../../../arm-none-eabi/lib/thumb\libsysbase.a(libsysbase_libsysbase_a-syscall_support.o)
 .text.__libc_cond_wait
                0x00000000       0x1c C:/devkitPro/devkitARM/bin/../lib/gcc/arm-none-eabi/13.2.0/../../../../arm-none-eabi/lib/thumb\libsysbase.a(libsysbase_libsysbase_a-syscall_support.o)
 .text.__libc_cond_wait_recursive
                0x00000000       0x1c C:/devkitPro/devkitARM/bin/../lib/gcc/arm-none-eabi/13.2.0/../../../../arm-none-eabi/lib/thumb\libsysbase.a(libsysbase_libsysbase_a-syscall_support.o)
 .text          0x00000000        0x0 C:/devkitPro/devkitARM/bin/../lib/gcc/arm-none-eabi/13.2.0/../../../../arm-none-eabi/lib/thumb\libsysbase.a(libsysbase_libsysbase_a-clocks.o)
 .data          0x00000000        0x0 C:/devkitPro/devkitARM/bin/../lib/gcc/arm-none-eabi/13.2.0/../../../../arm-none-eabi/lib/thumb\libsysbase.a(libsysbase_libsysbase_a-clocks.o)
 .bss           0x00000000        0x0 C:/devkitPro/devkitARM/bin/../lib/gcc/arm-none-eabi/13.2.0/../../../../arm-none-eabi/lib/thumb\libsysbase.a(libsysbase_libsysbase_a-clocks.o)
 .text.clock_gettime
                0x00000000       0x24 C:/devkitPro/devkitARM/bin/../lib/gcc/arm-none-eabi/13.2.0/../../../../arm-none-eabi/lib/thumb\libsysbase.a(libsysbase_libsysbase_a-clocks.o)
 .text.clock_settime
                0x00000000       0x24 C:/devkitPro/devkitARM/bin/../lib/gcc/arm-none-eabi/13.2.0/../../../../arm-none-eabi/lib/thumb\libsysbase.a(libsysbase_libsysbase_a-clocks.o)
 .text.clock_getres
                0x00000000       0x24 C:/devkitPro/devkitARM/bin/../lib/gcc/arm-none-eabi/13.2.0/../../../../arm-none-eabi/lib/thumb\libsysbase.a(libsysbase_libsysbase_a-clocks.o)
 .comment       0x00000000       0x24 C:/devkitPro/devkitARM/bin/../lib/gcc/arm-none-eabi/13.2.0/../../../../arm-none-eabi/lib/thumb\libsysbase.a(libsysbase_libsysbase_a-clocks.o)
 .text          0x00000000      0x11c C:/devkitPro/devkitARM/bin/../lib/gcc/arm-none-eabi/13.2.0/thumb\libgcc.a(_udivsi3.o)
 .data          0x00000000        0x0 C:/devkitPro/devkitARM/bin/../lib/gcc/arm-none-eabi/13.2.0/thumb\libgcc.a(_udivsi3.o)
 .bss           0x00000000        0x0 C:/devkitPro/devkitARM/bin/../lib/gcc/arm-none-eabi/13.2.0/thumb\libgcc.a(_udivsi3.o)
 .text          0x00000000      0x150 C:/devkitPro/devkitARM/bin/../lib/gcc/arm-none-eabi/13.2.0/thumb\libgcc.a(_divsi3.o)
 .data          0x00000000        0x0 C:/devkitPro/devkitARM/bin/../lib/gcc/arm-none-eabi/13.2.0/thumb\libgcc.a(_divsi3.o)
 .bss           0x00000000        0x0 C:/devkitPro/devkitARM/bin/../lib/gcc/arm-none-eabi/13.2.0/thumb\libgcc.a(_divsi3.o)
 .text          0x00000000        0x4 C:/devkitPro/devkitARM/bin/../lib/gcc/arm-none-eabi/13.2.0/thumb\libgcc.a(_dvmd_tls.o)
 .data          0x00000000        0x0 C:/devkitPro/devkitARM/bin/../lib/gcc/arm-none-eabi/13.2.0/thumb\libgcc.a(_dvmd_tls.o)
 .bss           0x00000000        0x0 C:/devkitPro/devkitARM/bin/../lib/gcc/arm-none-eabi/13.2.0/thumb\libgcc.a(_dvmd_tls.o)
 .text          0x00000000        0x0 C:/devkitPro/devkitARM/bin/../lib/gcc/arm-none-eabi/13.2.0/thumb\libgcc.a(_muldi3.o)
 .data          0x00000000        0x0 C:/devkitPro/devkitARM/bin/../lib/gcc/arm-none-eabi/13.2.0/thumb\libgcc.a(_muldi3.o)
 .bss           0x00000000        0x0 C:/devkitPro/devkitARM/bin/../lib/gcc/arm-none-eabi/13.2.0/thumb\libgcc.a(_muldi3.o)
 .text.__muldi3
                0x00000000       0x64 C:/devkitPro/devkitARM/bin/../lib/gcc/arm-none-eabi/13.2.0/thumb\libgcc.a(_muldi3.o)
 .comment       0x00000000       0x24 C:/devkitPro/devkitARM/bin/../lib/gcc/arm-none-eabi/13.2.0/thumb\libgcc.a(_muldi3.o)
 .text          0x00000000        0x0 C:/devkitPro/devkitARM/bin/../lib/gcc/arm-none-eabi/13.2.0/../../../../arm-none-eabi/lib/thumb\libg.a(libc_a-impure.o)
 .data          0x00000000        0x0 C:/devkitPro/devkitARM/bin/../lib/gcc/arm-none-eabi/13.2.0/../../../../arm-none-eabi/lib/thumb\libg.a(libc_a-impure.o)
 .bss           0x00000000        0x0 C:/devkitPro/devkitARM/bin/../lib/gcc/arm-none-eabi/13.2.0/../../../../arm-none-eabi/lib/thumb\libg.a(libc_a-impure.o)
 .text          0x00000000        0x0 C:/devkitPro/devkitARM/bin/../lib/gcc/arm-none-eabi/13.2.0/../../../../arm-none-eabi/lib/thumb\libg.a(libc_a-findfp.o)
 .data          0x00000000        0x0 C:/devkitPro/devkitARM/bin/../lib/gcc/arm-none-eabi/13.2.0/../../../../arm-none-eabi/lib/thumb\libg.a(libc_a-findfp.o)
 .bss           0x00000000        0x0 C:/devkitPro/devkitARM/bin/../lib/gcc/arm-none-eabi/13.2.0/../../../../arm-none-eabi/lib/thumb\libg.a(libc_a-findfp.o)
 .text.stdio_exit_handler
                0x00000000       0x20 C:/devkitPro/devkitARM/bin/../lib/gcc/arm-none-eabi/13.2.0/../../../../arm-none-eabi/lib/thumb\libg.a(libc_a-findfp.o)
 .text.cleanup_stdio
                0x00000000       0x40 C:/devkitPro/devkitARM/bin/../lib/gcc/arm-none-eabi/13.2.0/../../../../arm-none-eabi/lib/thumb\libg.a(libc_a-findfp.o)
 .text.__fp_lock
                0x00000000       0x20 C:/devkitPro/devkitARM/bin/../lib/gcc/arm-none-eabi/13.2.0/../../../../arm-none-eabi/lib/thumb\libg.a(libc_a-findfp.o)
 .text.__fp_unlock
                0x00000000       0x20 C:/devkitPro/devkitARM/bin/../lib/gcc/arm-none-eabi/13.2.0/../../../../arm-none-eabi/lib/thumb\libg.a(libc_a-findfp.o)
 .text.global_stdio_init.part.0
                0x00000000      0x128 C:/devkitPro/devkitARM/bin/../lib/gcc/arm-none-eabi/13.2.0/../../../../arm-none-eabi/lib/thumb\libg.a(libc_a-findfp.o)
 .text.__sfp    0x00000000       0xcc C:/devkitPro/devkitARM/bin/../lib/gcc/arm-none-eabi/13.2.0/../../../../arm-none-eabi/lib/thumb\libg.a(libc_a-findfp.o)
 .text.__sinit  0x00000000       0x3c C:/devkitPro/devkitARM/bin/../lib/gcc/arm-none-eabi/13.2.0/../../../../arm-none-eabi/lib/thumb\libg.a(libc_a-findfp.o)
 .text.__sfp_lock_acquire
                0x00000000       0x14 C:/devkitPro/devkitARM/bin/../lib/gcc/arm-none-eabi/13.2.0/../../../../arm-none-eabi/lib/thumb\libg.a(libc_a-findfp.o)
 .text.__sfp_lock_release
                0x00000000       0x14 C:/devkitPro/devkitARM/bin/../lib/gcc/arm-none-eabi/13.2.0/../../../../arm-none-eabi/lib/thumb\libg.a(libc_a-findfp.o)
 .text.__fp_lock_all
                0x00000000       0x24 C:/devkitPro/devkitARM/bin/../lib/gcc/arm-none-eabi/13.2.0/../../../../arm-none-eabi/lib/thumb\libg.a(libc_a-findfp.o)
 .text.__fp_unlock_all
                0x00000000       0x24 C:/devkitPro/devkitARM/bin/../lib/gcc/arm-none-eabi/13.2.0/../../../../arm-none-eabi/lib/thumb\libg.a(libc_a-findfp.o)
 .bss.__sfp_recursive_mutex
                0x00000000        0xc C:/devkitPro/devkitARM/bin/../lib/gcc/arm-none-eabi/13.2.0/../../../../arm-none-eabi/lib/thumb\libg.a(libc_a-findfp.o)
 .data.__sglue  0x00000000        0xc C:/devkitPro/devkitARM/bin/../lib/gcc/arm-none-eabi/13.2.0/../../../../arm-none-eabi/lib/thumb\libg.a(libc_a-findfp.o)
 .bss.__stdio_exit_handler
                0x00000000        0x4 C:/devkitPro/devkitARM/bin/../lib/gcc/arm-none-eabi/13.2.0/../../../../arm-none-eabi/lib/thumb\libg.a(libc_a-findfp.o)
 .text          0x00000000        0x0 C:/devkitPro/devkitARM/bin/../lib/gcc/arm-none-eabi/13.2.0/../../../../arm-none-eabi/lib/thumb\libg.a(libc_a-errno.o)
 .data          0x00000000        0x0 C:/devkitPro/devkitARM/bin/../lib/gcc/arm-none-eabi/13.2.0/../../../../arm-none-eabi/lib/thumb\libg.a(libc_a-errno.o)
 .bss           0x00000000        0x0 C:/devkitPro/devkitARM/bin/../lib/gcc/arm-none-eabi/13.2.0/../../../../arm-none-eabi/lib/thumb\libg.a(libc_a-errno.o)
 .text.__errno  0x00000000        0xc C:/devkitPro/devkitARM/bin/../lib/gcc/arm-none-eabi/13.2.0/../../../../arm-none-eabi/lib/thumb\libg.a(libc_a-errno.o)
 .comment       0x00000000       0x24 C:/devkitPro/devkitARM/bin/../lib/gcc/arm-none-eabi/13.2.0/../../../../arm-none-eabi/lib/thumb\libg.a(libc_a-errno.o)
 .text          0x00000000        0x0 C:/devkitPro/devkitARM/bin/../lib/gcc/arm-none-eabi/13.2.0/../../../../arm-none-eabi/lib/thumb\libg.a(libc_a-memset.o)
 .data          0x00000000        0x0 C:/devkitPro/devkitARM/bin/../lib/gcc/arm-none-eabi/13.2.0/../../../../arm-none-eabi/lib/thumb\libg.a(libc_a-memset.o)
 .bss           0x00000000        0x0 C:/devkitPro/devkitARM/bin/../lib/gcc/arm-none-eabi/13.2.0/../../../../arm-none-eabi/lib/thumb\libg.a(libc_a-memset.o)
 .text.memset   0x00000000       0xb0 C:/devkitPro/devkitARM/bin/../lib/gcc/arm-none-eabi/13.2.0/../../../../arm-none-eabi/lib/thumb\libg.a(libc_a-memset.o)
 .comment       0x00000000       0x24 C:/devkitPro/devkitARM/bin/../lib/gcc/arm-none-eabi/13.2.0/../../../../arm-none-eabi/lib/thumb\libg.a(libc_a-memset.o)
 .text          0x00000000        0x0 C:/devkitPro/devkitARM/bin/../lib/gcc/arm-none-eabi/13.2.0/../../../../arm-none-eabi/lib/thumb\libg.a(libc_a-fwalk.o)
 .data          0x00000000        0x0 C:/devkitPro/devkitARM/bin/../lib/gcc/arm-none-eabi/13.2.0/../../../../arm-none-eabi/lib/thumb\libg.a(libc_a-fwalk.o)
 .bss           0x00000000        0x0 C:/devkitPro/devkitARM/bin/../lib/gcc/arm-none-eabi/13.2.0/../../../../arm-none-eabi/lib/thumb\libg.a(libc_a-fwalk.o)
 .text._fwalk_sglue
                0x00000000       0x4c C:/devkitPro/devkitARM/bin/../lib/gcc/arm-none-eabi/13.2.0/../../../../arm-none-eabi/lib/thumb\libg.a(libc_a-fwalk.o)
 .comment       0x00000000       0x24 C:/devkitPro/devkitARM/bin/../lib/gcc/arm-none-eabi/13.2.0/../../../../arm-none-eabi/lib/thumb\libg.a(libc_a-fwalk.o)
 .text          0x00000000        0x0 C:/devkitPro/devkitARM/bin/../lib/gcc/arm-none-eabi/13.2.0/../../../../arm-none-eabi/lib/thumb\libg.a(libc_a-stdio.o)
 .data          0x00000000        0x0 C:/devkitPro/devkitARM/bin/../lib/gcc/arm-none-eabi/13.2.0/../../../../arm-none-eabi/lib/thumb\libg.a(libc_a-stdio.o)
 .bss           0x00000000        0x0 C:/devkitPro/devkitARM/bin/../lib/gcc/arm-none-eabi/13.2.0/../../../../arm-none-eabi/lib/thumb\libg.a(libc_a-stdio.o)
 .text.__sread  0x00000000       0x34 C:/devkitPro/devkitARM/bin/../lib/gcc/arm-none-eabi/13.2.0/../../../../arm-none-eabi/lib/thumb\libg.a(libc_a-stdio.o)
 .text.__seofread
                0x00000000        0x4 C:/devkitPro/devkitARM/bin/../lib/gcc/arm-none-eabi/13.2.0/../../../../arm-none-eabi/lib/thumb\libg.a(libc_a-stdio.o)
 .text.__swrite
                0x00000000       0x4c C:/devkitPro/devkitARM/bin/../lib/gcc/arm-none-eabi/13.2.0/../../../../arm-none-eabi/lib/thumb\libg.a(libc_a-stdio.o)
 .text.__sseek  0x00000000       0x44 C:/devkitPro/devkitARM/bin/../lib/gcc/arm-none-eabi/13.2.0/../../../../arm-none-eabi/lib/thumb\libg.a(libc_a-stdio.o)
 .text.__sclose
                0x00000000       0x10 C:/devkitPro/devkitARM/bin/../lib/gcc/arm-none-eabi/13.2.0/../../../../arm-none-eabi/lib/thumb\libg.a(libc_a-stdio.o)
 .comment       0x00000000       0x24 C:/devkitPro/devkitARM/bin/../lib/gcc/arm-none-eabi/13.2.0/../../../../arm-none-eabi/lib/thumb\libg.a(libc_a-stdio.o)
 .text          0x00000000        0x0 C:/devkitPro/devkitARM/bin/../lib/gcc/arm-none-eabi/13.2.0/../../../../arm-none-eabi/lib/thumb\libg.a(libc_a-fclose.o)
 .data          0x00000000        0x0 C:/devkitPro/devkitARM/bin/../lib/gcc/arm-none-eabi/13.2.0/../../../../arm-none-eabi/lib/thumb\libg.a(libc_a-fclose.o)
 .bss           0x00000000        0x0 C:/devkitPro/devkitARM/bin/../lib/gcc/arm-none-eabi/13.2.0/../../../../arm-none-eabi/lib/thumb\libg.a(libc_a-fclose.o)
 .text._fclose_r
                0x00000000       0xd8 C:/devkitPro/devkitARM/bin/../lib/gcc/arm-none-eabi/13.2.0/../../../../arm-none-eabi/lib/thumb\libg.a(libc_a-fclose.o)
 .text.fclose   0x00000000       0x14 C:/devkitPro/devkitARM/bin/../lib/gcc/arm-none-eabi/13.2.0/../../../../arm-none-eabi/lib/thumb\libg.a(libc_a-fclose.o)
 .comment       0x00000000       0x24 C:/devkitPro/devkitARM/bin/../lib/gcc/arm-none-eabi/13.2.0/../../../../arm-none-eabi/lib/thumb\libg.a(libc_a-fclose.o)
 .text          0x00000000        0x0 C:/devkitPro/devkitARM/bin/../lib/gcc/arm-none-eabi/13.2.0/../../../../arm-none-eabi/lib/thumb\libg.a(libc_a-fflush.o)
 .data          0x00000000        0x0 C:/devkitPro/devkitARM/bin/../lib/gcc/arm-none-eabi/13.2.0/../../../../arm-none-eabi/lib/thumb\libg.a(libc_a-fflush.o)
 .bss           0x00000000        0x0 C:/devkitPro/devkitARM/bin/../lib/gcc/arm-none-eabi/13.2.0/../../../../arm-none-eabi/lib/thumb\libg.a(libc_a-fflush.o)
 .text.__sflush_r
                0x00000000      0x188 C:/devkitPro/devkitARM/bin/../lib/gcc/arm-none-eabi/13.2.0/../../../../arm-none-eabi/lib/thumb\libg.a(libc_a-fflush.o)
 .text._fflush_r
                0x00000000       0x70 C:/devkitPro/devkitARM/bin/../lib/gcc/arm-none-eabi/13.2.0/../../../../arm-none-eabi/lib/thumb\libg.a(libc_a-fflush.o)
 .text.fflush   0x00000000       0x30 C:/devkitPro/devkitARM/bin/../lib/gcc/arm-none-eabi/13.2.0/../../../../arm-none-eabi/lib/thumb\libg.a(libc_a-fflush.o)
 .comment       0x00000000       0x24 C:/devkitPro/devkitARM/bin/../lib/gcc/arm-none-eabi/13.2.0/../../../../arm-none-eabi/lib/thumb\libg.a(libc_a-fflush.o)
 .text          0x00000000        0x0 C:/devkitPro/devkitARM/bin/../lib/gcc/arm-none-eabi/13.2.0/../../../../arm-none-eabi/lib/thumb\libsysbase.a(libsysbase_libsysbase_a-handle_manager.o)
 .data          0x00000000        0x0 C:/devkitPro/devkitARM/bin/../lib/gcc/arm-none-eabi/13.2.0/../../../../arm-none-eabi/lib/thumb\libsysbase.a(libsysbase_libsysbase_a-handle_manager.o)
 .bss           0x00000000        0x0 C:/devkitPro/devkitARM/bin/../lib/gcc/arm-none-eabi/13.2.0/../../../../arm-none-eabi/lib/thumb\libsysbase.a(libsysbase_libsysbase_a-handle_manager.o)
 .text.__release_handle
                0x00000000       0x68 C:/devkitPro/devkitARM/bin/../lib/gcc/arm-none-eabi/13.2.0/../../../../arm-none-eabi/lib/thumb\libsysbase.a(libsysbase_libsysbase_a-handle_manager.o)
 .text.__alloc_handle
                0x00000000       0x7c C:/devkitPro/devkitARM/bin/../lib/gcc/arm-none-eabi/13.2.0/../../../../arm-none-eabi/lib/thumb\libsysbase.a(libsysbase_libsysbase_a-handle_manager.o)
 .text.__get_handle
                0x00000000       0x34 C:/devkitPro/devkitARM/bin/../lib/gcc/arm-none-eabi/13.2.0/../../../../arm-none-eabi/lib/thumb\libsysbase.a(libsysbase_libsysbase_a-handle_manager.o)
 .text.dup      0x00000000       0x68 C:/devkitPro/devkitARM/bin/../lib/gcc/arm-none-eabi/13.2.0/../../../../arm-none-eabi/lib/thumb\libsysbase.a(libsysbase_libsysbase_a-handle_manager.o)
 .text.dup2     0x00000000       0xd8 C:/devkitPro/devkitARM/bin/../lib/gcc/arm-none-eabi/13.2.0/../../../../arm-none-eabi/lib/thumb\libsysbase.a(libsysbase_libsysbase_a-handle_manager.o)
 .text._close_r
                0x00000000       0xb8 C:/devkitPro/devkitARM/bin/../lib/gcc/arm-none-eabi/13.2.0/../../../../arm-none-eabi/lib/thumb\libsysbase.a(libsysbase_libsysbase_a-handle_manager.o)
 .bss.__hndl_lock
                0x00000000        0x4 C:/devkitPro/devkitARM/bin/../lib/gcc/arm-none-eabi/13.2.0/../../../../arm-none-eabi/lib/thumb\libsysbase.a(libsysbase_libsysbase_a-handle_manager.o)
 .data.handles  0x00000000     0x1000 C:/devkitPro/devkitARM/bin/../lib/gcc/arm-none-eabi/13.2.0/../../../../arm-none-eabi/lib/thumb\libsysbase.a(libsysbase_libsysbase_a-handle_manager.o)
 .data.__stderr_handle
                0x00000000        0xc C:/devkitPro/devkitARM/bin/../lib/gcc/arm-none-eabi/13.2.0/../../../../arm-none-eabi/lib/thumb\libsysbase.a(libsysbase_libsysbase_a-handle_manager.o)
 .data.__stdout_handle
                0x00000000        0xc C:/devkitPro/devkitARM/bin/../lib/gcc/arm-none-eabi/13.2.0/../../../../arm-none-eabi/lib/thumb\libsysbase.a(libsysbase_libsysbase_a-handle_manager.o)
 .data.__stdin_handle
                0x00000000        0xc C:/devkitPro/devkitARM/bin/../lib/gcc/arm-none-eabi/13.2.0/../../../../arm-none-eabi/lib/thumb\libsysbase.a(libsysbase_libsysbase_a-handle_manager.o)
 .comment       0x00000000       0x24 C:/devkitPro/devkitARM/bin/../lib/gcc/arm-none-eabi/13.2.0/../../../../arm-none-eabi/lib/thumb\libsysbase.a(libsysbase_libsysbase_a-handle_manager.o)
 .text          0x00000000        0x0 C:/devkitPro/devkitARM/bin/../lib/gcc/arm-none-eabi/13.2.0/../../../../arm-none-eabi/lib/thumb\libsysbase.a(libsysbase_libsysbase_a-iosupport.o)
 .data          0x00000000        0x0 C:/devkitPro/devkitARM/bin/../lib/gcc/arm-none-eabi/13.2.0/../../../../arm-none-eabi/lib/thumb\libsysbase.a(libsysbase_libsysbase_a-iosupport.o)
 .bss           0x00000000        0x0 C:/devkitPro/devkitARM/bin/../lib/gcc/arm-none-eabi/13.2.0/../../../../arm-none-eabi/lib/thumb\libsysbase.a(libsysbase_libsysbase_a-iosupport.o)
 .text.null_write
                0x00000000        0x4 C:/devkitPro/devkitARM/bin/../lib/gcc/arm-none-eabi/13.2.0/../../../../arm-none-eabi/lib/thumb\libsysbase.a(libsysbase_libsysbase_a-iosupport.o)
 .text.setDefaultDevice
                0x00000000       0x10 C:/devkitPro/devkitARM/bin/../lib/gcc/arm-none-eabi/13.2.0/../../../../arm-none-eabi/lib/thumb\libsysbase.a(libsysbase_libsysbase_a-iosupport.o)
 .text.FindDevice
                0x00000000       0x98 C:/devkitPro/devkitARM/bin/../lib/gcc/arm-none-eabi/13.2.0/../../../../arm-none-eabi/lib/thumb\libsysbase.a(libsysbase_libsysbase_a-iosupport.o)
 .text.RemoveDevice
                0x00000000       0x24 C:/devkitPro/devkitARM/bin/../lib/gcc/arm-none-eabi/13.2.0/../../../../arm-none-eabi/lib/thumb\libsysbase.a(libsysbase_libsysbase_a-iosupport.o)
 .rodata.AddDevice.str1.4
                0x00000000        0x8 C:/devkitPro/devkitARM/bin/../lib/gcc/arm-none-eabi/13.2.0/../../../../arm-none-eabi/lib/thumb\libsysbase.a(libsysbase_libsysbase_a-iosupport.o)
 .text.AddDevice
                0x00000000       0x78 C:/devkitPro/devkitARM/bin/../lib/gcc/arm-none-eabi/13.2.0/../../../../arm-none-eabi/lib/thumb\libsysbase.a(libsysbase_libsysbase_a-iosupport.o)
 .text.GetDeviceOpTab
                0x00000000       0x20 C:/devkitPro/devkitARM/bin/../lib/gcc/arm-none-eabi/13.2.0/../../../../arm-none-eabi/lib/thumb\libsysbase.a(libsysbase_libsysbase_a-iosupport.o)
 .data.devoptab_list
                0x00000000       0x8c C:/devkitPro/devkitARM/bin/../lib/gcc/arm-none-eabi/13.2.0/../../../../arm-none-eabi/lib/thumb\libsysbase.a(libsysbase_libsysbase_a-iosupport.o)
 .rodata.dotab_stdnull
                0x00000000       0x80 C:/devkitPro/devkitARM/bin/../lib/gcc/arm-none-eabi/13.2.0/../../../../arm-none-eabi/lib/thumb\libsysbase.a(libsysbase_libsysbase_a-iosupport.o)
 .data.defaultDevice
                0x00000000        0x4 C:/devkitPro/devkitARM/bin/../lib/gcc/arm-none-eabi/13.2.0/../../../../arm-none-eabi/lib/thumb\libsysbase.a(libsysbase_libsysbase_a-iosupport.o)
 .comment       0x00000000       0x24 C:/devkitPro/devkitARM/bin/../lib/gcc/arm-none-eabi/13.2.0/../../../../arm-none-eabi/lib/thumb\libsysbase.a(libsysbase_libsysbase_a-iosupport.o)
 .text          0x00000000        0x0 C:/devkitPro/devkitARM/bin/../lib/gcc/arm-none-eabi/13.2.0/../../../../arm-none-eabi/lib/thumb\libsysbase.a(libsysbase_libsysbase_a-lseek.o)
 .data          0x00000000        0x0 C:/devkitPro/devkitARM/bin/../lib/gcc/arm-none-eabi/13.2.0/../../../../arm-none-eabi/lib/thumb\libsysbase.a(libsysbase_libsysbase_a-lseek.o)
 .bss           0x00000000        0x0 C:/devkitPro/devkitARM/bin/../lib/gcc/arm-none-eabi/13.2.0/../../../../arm-none-eabi/lib/thumb\libsysbase.a(libsysbase_libsysbase_a-lseek.o)
 .text._lseek_r
                0x00000000       0x5c C:/devkitPro/devkitARM/bin/../lib/gcc/arm-none-eabi/13.2.0/../../../../arm-none-eabi/lib/thumb\libsysbase.a(libsysbase_libsysbase_a-lseek.o)
 .comment       0x00000000       0x24 C:/devkitPro/devkitARM/bin/../lib/gcc/arm-none-eabi/13.2.0/../../../../arm-none-eabi/lib/thumb\libsysbase.a(libsysbase_libsysbase_a-lseek.o)
 .text          0x00000000        0x0 C:/devkitPro/devkitARM/bin/../lib/gcc/arm-none-eabi/13.2.0/../../../../arm-none-eabi/lib/thumb\libsysbase.a(libsysbase_libsysbase_a-read.o)
 .data          0x00000000        0x0 C:/devkitPro/devkitARM/bin/../lib/gcc/arm-none-eabi/13.2.0/../../../../arm-none-eabi/lib/thumb\libsysbase.a(libsysbase_libsysbase_a-read.o)
 .bss           0x00000000        0x0 C:/devkitPro/devkitARM/bin/../lib/gcc/arm-none-eabi/13.2.0/../../../../arm-none-eabi/lib/thumb\libsysbase.a(libsysbase_libsysbase_a-read.o)
 .text._read_r  0x00000000       0x50 C:/devkitPro/devkitARM/bin/../lib/gcc/arm-none-eabi/13.2.0/../../../../arm-none-eabi/lib/thumb\libsysbase.a(libsysbase_libsysbase_a-read.o)
 .comment       0x00000000       0x24 C:/devkitPro/devkitARM/bin/../lib/gcc/arm-none-eabi/13.2.0/../../../../arm-none-eabi/lib/thumb\libsysbase.a(libsysbase_libsysbase_a-read.o)
 .text          0x00000000        0x0 C:/devkitPro/devkitARM/bin/../lib/gcc/arm-none-eabi/13.2.0/../../../../arm-none-eabi/lib/thumb\libsysbase.a(libsysbase_libsysbase_a-write.o)
 .data          0x00000000        0x0 C:/devkitPro/devkitARM/bin/../lib/gcc/arm-none-eabi/13.2.0/../../../../arm-none-eabi/lib/thumb\libsysbase.a(libsysbase_libsysbase_a-write.o)
 .bss           0x00000000        0x0 C:/devkitPro/devkitARM/bin/../lib/gcc/arm-none-eabi/13.2.0/../../../../arm-none-eabi/lib/thumb\libsysbase.a(libsysbase_libsysbase_a-write.o)
 .text._write_r
                0x00000000       0x50 C:/devkitPro/devkitARM/bin/../lib/gcc/arm-none-eabi/13.2.0/../../../../arm-none-eabi/lib/thumb\libsysbase.a(libsysbase_libsysbase_a-write.o)
 .comment       0x00000000       0x24 C:/devkitPro/devkitARM/bin/../lib/gcc/arm-none-eabi/13.2.0/../../../../arm-none-eabi/lib/thumb\libsysbase.a(libsysbase_libsysbase_a-write.o)
 .text          0x00000000        0x0 C:/devkitPro/devkitARM/bin/../lib/gcc/arm-none-eabi/13.2.0/../../../../arm-none-eabi/lib/thumb\libg.a(libc_a-strncmp.o)
 .data          0x00000000        0x0 C:/devkitPro/devkitARM/bin/../lib/gcc/arm-none-eabi/13.2.0/../../../../arm-none-eabi/lib/thumb\libg.a(libc_a-strncmp.o)
 .bss           0x00000000        0x0 C:/devkitPro/devkitARM/bin/../lib/gcc/arm-none-eabi/13.2.0/../../../../arm-none-eabi/lib/thumb\libg.a(libc_a-strncmp.o)
 .text.strncmp  0x00000000       0x78 C:/devkitPro/devkitARM/bin/../lib/gcc/arm-none-eabi/13.2.0/../../../../arm-none-eabi/lib/thumb\libg.a(libc_a-strncmp.o)
 .comment       0x00000000       0x24 C:/devkitPro/devkitARM/bin/../lib/gcc/arm-none-eabi/13.2.0/../../../../arm-none-eabi/lib/thumb\libg.a(libc_a-strncmp.o)
 .text          0x00000000        0x0 C:/devkitPro/devkitARM/bin/../lib/gcc/arm-none-eabi/13.2.0/../../../../arm-none-eabi/lib/thumb\libg.a(libc_a-strchr.o)
 .data          0x00000000        0x0 C:/devkitPro/devkitARM/bin/../lib/gcc/arm-none-eabi/13.2.0/../../../../arm-none-eabi/lib/thumb\libg.a(libc_a-strchr.o)
 .bss           0x00000000        0x0 C:/devkitPro/devkitARM/bin/../lib/gcc/arm-none-eabi/13.2.0/../../../../arm-none-eabi/lib/thumb\libg.a(libc_a-strchr.o)
 .text.strchr   0x00000000       0xc8 C:/devkitPro/devkitARM/bin/../lib/gcc/arm-none-eabi/13.2.0/../../../../arm-none-eabi/lib/thumb\libg.a(libc_a-strchr.o)
 .comment       0x00000000       0x24 C:/devkitPro/devkitARM/bin/../lib/gcc/arm-none-eabi/13.2.0/../../../../arm-none-eabi/lib/thumb\libg.a(libc_a-strchr.o)
 .text          0x00000000        0x0 C:/devkitPro/devkitARM/bin/../lib/gcc/arm-none-eabi/13.2.0/../../../../arm-none-eabi/lib/thumb\libg.a(libc_a-strlen-stub.o)
 .data          0x00000000        0x0 C:/devkitPro/devkitARM/bin/../lib/gcc/arm-none-eabi/13.2.0/../../../../arm-none-eabi/lib/thumb\libg.a(libc_a-strlen-stub.o)
 .bss           0x00000000        0x0 C:/devkitPro/devkitARM/bin/../lib/gcc/arm-none-eabi/13.2.0/../../../../arm-none-eabi/lib/thumb\libg.a(libc_a-strlen-stub.o)
 .text.strlen   0x00000000       0x60 C:/devkitPro/devkitARM/bin/../lib/gcc/arm-none-eabi/13.2.0/../../../../arm-none-eabi/lib/thumb\libg.a(libc_a-strlen-stub.o)
 .comment       0x00000000       0x24 C:/devkitPro/devkitARM/bin/../lib/gcc/arm-none-eabi/13.2.0/../../../../arm-none-eabi/lib/thumb\libg.a(libc_a-strlen-stub.o)
 .text          0x00000000        0x0 C:/devkitPro/devkitARM/bin/../lib/gcc/arm-none-eabi/13.2.0/../../../../arm-none-eabi/lib/thumb\libg.a(libc_a-ctype_.o)
 .data          0x00000000        0x0 C:/devkitPro/devkitARM/bin/../lib/gcc/arm-none-eabi/13.2.0/../../../../arm-none-eabi/lib/thumb\libg.a(libc_a-ctype_.o)
 .bss           0x00000000        0x0 C:/devkitPro/devkitARM/bin/../lib/gcc/arm-none-eabi/13.2.0/../../../../arm-none-eabi/lib/thumb\libg.a(libc_a-ctype_.o)
 .text.__set_ctype
                0x00000000        0xc C:/devkitPro/devkitARM/bin/../lib/gcc/arm-none-eabi/13.2.0/../../../../arm-none-eabi/lib/thumb\libg.a(libc_a-ctype_.o)
 .rodata._ctype_
                0x00000000      0x101 C:/devkitPro/devkitARM/bin/../lib/gcc/arm-none-eabi/13.2.0/../../../../arm-none-eabi/lib/thumb\libg.a(libc_a-ctype_.o)
 .comment       0x00000000       0x24 C:/devkitPro/devkitARM/bin/../lib/gcc/arm-none-eabi/13.2.0/../../../../arm-none-eabi/lib/thumb\libg.a(libc_a-ctype_.o)
 .text          0x00000000      0x224 C:/devkitPro/devkitARM/bin/../lib/gcc/arm-none-eabi/13.2.0/../../../../arm-none-eabi/lib/thumb\libg.a(libc_a-strcmp.o)
 .data          0x00000000        0x0 C:/devkitPro/devkitARM/bin/../lib/gcc/arm-none-eabi/13.2.0/../../../../arm-none-eabi/lib/thumb\libg.a(libc_a-strcmp.o)
 .bss           0x00000000        0x0 C:/devkitPro/devkitARM/bin/../lib/gcc/arm-none-eabi/13.2.0/../../../../arm-none-eabi/lib/thumb\libg.a(libc_a-strcmp.o)
 .text          0x00000000        0x0 C:/devkitPro/devkitARM/bin/../lib/gcc/arm-none-eabi/13.2.0/thumb/crtend.o
 .data          0x00000000        0x0 C:/devkitPro/devkitARM/bin/../lib/gcc/arm-none-eabi/13.2.0/thumb/crtend.o
 .bss           0x00000000        0x0 C:/devkitPro/devkitARM/bin/../lib/gcc/arm-none-eabi/13.2.0/thumb/crtend.o
 .rodata.all_implied_fbits
                0x00000000       0x24 C:/devkitPro/devkitARM/bin/../lib/gcc/arm-none-eabi/13.2.0/thumb/crtend.o
 .text          0x00000000        0x0 C:/devkitPro/devkitARM/bin/../lib/gcc/arm-none-eabi/13.2.0/thumb/crtn.o
 .data          0x00000000        0x0 C:/devkitPro/devkitARM/bin/../lib/gcc/arm-none-eabi/13.2.0/thumb/crtn.o
 .bss           0x00000000        0x0 C:/devkitPro/devkitARM/bin/../lib/gcc/arm-none-eabi/13.2.0/thumb/crtn.o

Memory Configuration

Name             Origin             Length             Attributes
rom              0x08000000         0x02000000
iwram            0x03000000         0x00008000
ewram            0x02000000         0x00040000
*default*        0x00000000         0xffffffff

Linker script and memory map

                0x08000000                        __text_start = ORIGIN (rom)
                0x02040000                        __eheap_end = (ORIGIN (ewram) + LENGTH (ewram))
                0x03000000                        __iwram_start = ORIGIN (iwram)
                0x03008000                        __iwram_top = (ORIGIN (iwram) + LENGTH (iwram))
                0x03007fa0                        __sp_irq = (__iwram_top - 0x60)
                0x03007f00                        __sp_usr = (__sp_irq - 0xa0)
                0x03007ff8                        __irq_flags = 0x3007ff8
                0x08000000                        . = __text_start

.crt0           0x08000000      0x210
 *(.crt0)
 .crt0          0x08000000      0x210 C:/devkitPro/devkitARM/bin/../lib/gcc/arm-none-eabi/13.2.0/../../../../arm-none-eabi/lib/thumb/gba_crt0.o
                0x08000000                _start
                0x080000c4                __boot_method
                0x080000c5                __slave_number
                0x080000e0                start_vector
                0x08000210                        . = ALIGN (0x4)

.init           0x08000210        0xc
 *(SORT_NONE(.init))
 .init          0x08000210        0x4 C:/devkitPro/devkitARM/bin/../lib/gcc/arm-none-eabi/13.2.0/thumb/crti.o
                0x08000210                _init
 .init          0x08000214        0x8 C:/devkitPro/devkitARM/bin/../lib/gcc/arm-none-eabi/13.2.0/thumb/crtn.o

.plt            0x0800021c        0x0
 *(.plt)
                0x0800021c                        . = ALIGN (0x4)

.text           0x0800021c     0x11f4
 *(EXCLUDE_FILE(*.iwram*) .text*)
 .text.__do_global_dtors_aux
                0x0800021c       0x2c C:/devkitPro/devkitARM/bin/../lib/gcc/arm-none-eabi/13.2.0/thumb/crtbegin.o
 .text.frame_dummy
                0x08000248       0x24 C:/devkitPro/devkitARM/bin/../lib/gcc/arm-none-eabi/13.2.0/thumb/crtbegin.o
 .text          0x0800026c      0x12c gameplay.o
                0x0800026c                SetInput
                0x080002b4                KeepInBounds
                0x080002d0                CheckCollision
                0x0800030c                MovePlayer
                0x08000328                MoveBall
                0x08000340                BallBoundaries
                0x08000368                AdjustVelocityByHitPosition
 .text          0x08000398      0x17c graphics.o
                0x08000398                CreateRect
                0x080003c4                DrawPixel
                0x080003d8                DrawCenterLine
                0x080003f8                ClearCenterLine
                0x08000414                DrawRect
                0x0800046c                ClearPrevious
                0x080004c0                ClearScreen
                0x080004e8                PrintCharacter
 .text.startup  0x08000514       0x24 main.o
                0x08000514                main
 .text          0x08000538       0x3c main_menu.o
                0x08000538                MainMenu
 .text          0x08000574       0xf4 run_game.o
                0x08000574                RunGame
 .text          0x08000668       0xc0 C:/devkitPro/libgba/lib\libgba.a(input.o)
                0x08000668                setRepeat
                0x08000674                scanKeys
                0x080006ec                keysDownRepeat
                0x080006fc                keysDown
                0x0800070c                keysUp
                0x0800071c                keysHeld
 .text          0x08000728      0x3c4 C:/devkitPro/libgba/lib\libgba.a(interrupt.o)
                0x08000728                dummy
                0x0800072c                InitInterrupt
                0x08000788                irqInit
                0x080007e4                SetInterrupt
                0x080008cc                irqSet
                0x080009b4                EnableInterrupt
                0x08000a00                irqEnable
                0x08000a54                DisableInterrupt
                0x08000aa0                irqDisable
 .text.malloc   0x08000aec       0x14 C:/devkitPro/devkitARM/bin/../lib/gcc/arm-none-eabi/13.2.0/../../../../arm-none-eabi/lib/thumb\libg.a(libc_a-malloc.o)
                0x08000aec                malloc
 .text.free     0x08000b00       0x14 C:/devkitPro/devkitARM/bin/../lib/gcc/arm-none-eabi/13.2.0/../../../../arm-none-eabi/lib/thumb\libg.a(libc_a-malloc.o)
                0x08000b00                free
 .text.__libc_init_array
                0x08000b14       0x54 C:/devkitPro/devkitARM/bin/../lib/gcc/arm-none-eabi/13.2.0/../../../../arm-none-eabi/lib/thumb\libg.a(libc_a-init.o)
                0x08000b14                __libc_init_array
 .text._malloc_r
                0x08000b68      0x558 C:/devkitPro/devkitARM/bin/../lib/gcc/arm-none-eabi/13.2.0/../../../../arm-none-eabi/lib/thumb\libg.a(libc_a-mallocr.o)
                0x08000b68                _malloc_r
 .text._malloc_trim_r
                0x080010c0       0xac C:/devkitPro/devkitARM/bin/../lib/gcc/arm-none-eabi/13.2.0/../../../../arm-none-eabi/lib/thumb\libg.a(libc_a-freer.o)
                0x080010c0                _malloc_trim_r
 .text._free_r  0x0800116c      0x1d8 C:/devkitPro/devkitARM/bin/../lib/gcc/arm-none-eabi/13.2.0/../../../../arm-none-eabi/lib/thumb\libg.a(libc_a-freer.o)
                0x0800116c                _free_r
 .text.__malloc_lock
                0x08001344       0x14 C:/devkitPro/devkitARM/bin/../lib/gcc/arm-none-eabi/13.2.0/../../../../arm-none-eabi/lib/thumb\libg.a(libc_a-mlock.o)
                0x08001344                __malloc_lock
 .text.__malloc_unlock
                0x08001358       0x14 C:/devkitPro/devkitARM/bin/../lib/gcc/arm-none-eabi/13.2.0/../../../../arm-none-eabi/lib/thumb\libg.a(libc_a-mlock.o)
                0x08001358                __malloc_unlock
 .text.__getreent
                0x0800136c       0x20 C:/devkitPro/devkitARM/bin/../lib/gcc/arm-none-eabi/13.2.0/../../../../arm-none-eabi/lib/thumb\libsysbase.a(libsysbase_libsysbase_a-getreent.o)
                0x0800136c                __getreent
 .text._sbrk_r  0x0800138c       0x54 C:/devkitPro/devkitARM/bin/../lib/gcc/arm-none-eabi/13.2.0/../../../../arm-none-eabi/lib/thumb\libsysbase.a(libsysbase_libsysbase_a-sbrk.o)
                0x0800138c                _sbrk_r
 .text.__libc_lock_acquire_recursive
                0x080013e0       0x18 C:/devkitPro/devkitARM/bin/../lib/gcc/arm-none-eabi/13.2.0/../../../../arm-none-eabi/lib/thumb\libsysbase.a(libsysbase_libsysbase_a-syscall_support.o)
                0x080013e0                __libc_lock_acquire_recursive
 .text.__libc_lock_release_recursive
                0x080013f8       0x18 C:/devkitPro/devkitARM/bin/../lib/gcc/arm-none-eabi/13.2.0/../../../../arm-none-eabi/lib/thumb\libsysbase.a(libsysbase_libsysbase_a-syscall_support.o)
                0x080013f8                __libc_lock_release_recursive
 *(.gnu.linkonce.t.*)
 *(.text.*personality*)
 *(.gnu.warning)
 *(.glue_7t)
 .glue_7t       0x08001410        0x0 linker stubs
 *(.glue_7)
 .glue_7        0x08001410        0x0 linker stubs
 *(.vfp11_veneer)
 .vfp11_veneer  0x08001410        0x0 linker stubs
                0x08001410                        . = ALIGN (0x4)
                0x08001410                        __text_end = .

.v4_bx          0x08001410        0x0
 .v4_bx         0x08001410        0x0 linker stubs

.iplt           0x08001410        0x0
 .iplt          0x08001410        0x0 C:/devkitPro/devkitARM/bin/../lib/gcc/arm-none-eabi/13.2.0/../../../../arm-none-eabi/lib/thumb/gba_crt0.o

.fini           0x08001410        0xc
 *(.fini)
 .fini          0x08001410        0x4 C:/devkitPro/devkitARM/bin/../lib/gcc/arm-none-eabi/13.2.0/thumb/crti.o
                0x08001410                _fini
 .fini          0x08001414        0x8 C:/devkitPro/devkitARM/bin/../lib/gcc/arm-none-eabi/13.2.0/thumb/crtn.o
                0x0800141c                        . = ALIGN (0x4)

.rodata         0x0800141c        0x0
 *(.rodata)
 *all.rodata*(*)
 *(.roda)
 *(.rodata.*)
 *(.gnu.linkonce.r*)
                0x0800141c                        . = ALIGN (0x4)

.ARM.extab
 *(.ARM.extab* .gnu.linkonce.armextab.*)
                0x0800141c                        __exidx_start = .

.ARM.exidx
 *(.ARM.exidx* .gnu.linkonce.armexidx.*)
                0x0800141c                        __exidx_end = .

.ctors          0x0800141c        0x0
 *crtbegin.o(.ctors)
 *(EXCLUDE_FILE(*crtend.o) .ctors)
 *(SORT_BY_NAME(.ctors.*))
 *(.ctors)
                0x0800141c                        . = ALIGN (0x4)

.dtors          0x0800141c        0x0
 *crtbegin.o(.dtors)
 *(EXCLUDE_FILE(*crtend.o) .dtors)
 *(SORT_BY_NAME(.dtors.*))
 *(.dtors)
                0x0800141c                        . = ALIGN (0x4)

.eh_frame       0x0800141c        0x4
 *(.eh_frame)
 .eh_frame      0x0800141c        0x0 C:/devkitPro/devkitARM/bin/../lib/gcc/arm-none-eabi/13.2.0/thumb/crtbegin.o
 .eh_frame      0x0800141c        0x4 C:/devkitPro/devkitARM/bin/../lib/gcc/arm-none-eabi/13.2.0/thumb/crtend.o
                0x08001420                        . = ALIGN (0x4)

.gcc_except_table
                0x08001420        0x0
 *(.gcc_except_table)
                0x08001420                        . = ALIGN (0x4)
                0x08001420                        __iwram_lma = .

.iwram          0x03000000       0xb8 load address 0x08001420
                0x03000000                        __iwram_start__ = ABSOLUTE (.)
 *(.iwram .iwram*)
 .iwram         0x03000000       0xb8 C:/devkitPro/libgba/lib\libgba.a(InterruptDispatcher.o)
                0x03000000                IntrMain
 *iwram.*(.text* .data*)
                0x030000b8                        . = ALIGN (0x4)
                0x030000b8                        __iwram_end__ = ABSOLUTE (.)
                0x080014d8                        __data_lma = (__iwram_lma + SIZEOF (.iwram))

.bss            0x030000b8      0x258
                0x030000b8                        __bss_start = ABSOLUTE (.)
                0x030000b8                        __bss_start__ = ABSOLUTE (.)
 *(.dynbss)
 *(.gnu.linkonce.b*)
 *(.bss*)
 .bss.completed.1
                0x030000b8        0x1 C:/devkitPro/devkitARM/bin/../lib/gcc/arm-none-eabi/13.2.0/thumb/crtbegin.o
 *fill*         0x030000b9        0x3 
 .bss.object.0  0x030000bc       0x18 C:/devkitPro/devkitARM/bin/../lib/gcc/arm-none-eabi/13.2.0/thumb/crtbegin.o
 .bss           0x030000d4        0xa C:/devkitPro/libgba/lib\libgba.a(input.o)
 *fill*         0x030000de        0x2 
 .bss           0x030000e0       0x78 C:/devkitPro/libgba/lib\libgba.a(interrupt.o)
                0x030000e0                IntrTable
 .bss.__malloc_current_mallinfo
                0x03000158       0x28 C:/devkitPro/devkitARM/bin/../lib/gcc/arm-none-eabi/13.2.0/../../../../arm-none-eabi/lib/thumb\libg.a(libc_a-mallocr.o)
                0x03000158                __malloc_current_mallinfo
 .bss.__malloc_max_total_mem
                0x03000180        0x4 C:/devkitPro/devkitARM/bin/../lib/gcc/arm-none-eabi/13.2.0/../../../../arm-none-eabi/lib/thumb\libg.a(libc_a-mallocr.o)
                0x03000180                __malloc_max_total_mem
 .bss.__malloc_max_sbrked_mem
                0x03000184        0x4 C:/devkitPro/devkitARM/bin/../lib/gcc/arm-none-eabi/13.2.0/../../../../arm-none-eabi/lib/thumb\libg.a(libc_a-mallocr.o)
                0x03000184                __malloc_max_sbrked_mem
 .bss.__malloc_top_pad
                0x03000188        0x4 C:/devkitPro/devkitARM/bin/../lib/gcc/arm-none-eabi/13.2.0/../../../../arm-none-eabi/lib/thumb\libg.a(libc_a-mallocr.o)
                0x03000188                __malloc_top_pad
 .bss.__malloc_recursive_mutex
                0x0300018c        0xc C:/devkitPro/devkitARM/bin/../lib/gcc/arm-none-eabi/13.2.0/../../../../arm-none-eabi/lib/thumb\libg.a(libc_a-mlock.o)
 .bss.fake_heap_start
                0x03000198        0x4 C:/devkitPro/devkitARM/bin/../lib/gcc/arm-none-eabi/13.2.0/../../../../arm-none-eabi/lib/thumb\libsysbase.a(libsysbase_libsysbase_a-malloc_vars.o)
                0x03000198                fake_heap_start
 .bss.fake_heap_end
                0x0300019c        0x4 C:/devkitPro/devkitARM/bin/../lib/gcc/arm-none-eabi/13.2.0/../../../../arm-none-eabi/lib/thumb\libsysbase.a(libsysbase_libsysbase_a-malloc_vars.o)
                0x0300019c                fake_heap_end
 .bss.heap_start.0
                0x030001a0        0x4 C:/devkitPro/devkitARM/bin/../lib/gcc/arm-none-eabi/13.2.0/../../../../arm-none-eabi/lib/thumb\libsysbase.a(libsysbase_libsysbase_a-sbrk.o)
 *fill*         0x030001a4        0x4 
 .bss.__sf      0x030001a8      0x168 C:/devkitPro/devkitARM/bin/../lib/gcc/arm-none-eabi/13.2.0/../../../../arm-none-eabi/lib/thumb\libg.a(libc_a-findfp.o)
                0x030001a8                __sf
 *(COMMON)
                0x03000310                        . = ALIGN (0x4)
                0x03000310                        __bss_end__ = ABSOLUTE (.)

.data           0x03000310      0x808 load address 0x080014d8
                0x03000310                        __data_start__ = ABSOLUTE (.)
 *(.data*)
 .data          0x03000310        0x8 graphics.o
                0x03000310                paddle_height
                0x03000314                paddle_width
 .data          0x03000318      0x2c0 main_menu.o
                0x03000318                score
 .data          0x030005d8        0x4 run_game.o
                0x030005d8                ballSpeed
 .data          0x030005dc        0x3 C:/devkitPro/libgba/lib\libgba.a(input.o)
 *fill*         0x030005df        0x1 ff
 .data.__malloc_sbrk_base
                0x030005e0        0x4 C:/devkitPro/devkitARM/bin/../lib/gcc/arm-none-eabi/13.2.0/../../../../arm-none-eabi/lib/thumb\libg.a(libc_a-mallocr.o)
                0x030005e0                __malloc_sbrk_base
 .data.__malloc_trim_threshold
                0x030005e4        0x4 C:/devkitPro/devkitARM/bin/../lib/gcc/arm-none-eabi/13.2.0/../../../../arm-none-eabi/lib/thumb\libg.a(libc_a-mallocr.o)
                0x030005e4                __malloc_trim_threshold
 .data.__malloc_av_
                0x030005e8      0x408 C:/devkitPro/devkitARM/bin/../lib/gcc/arm-none-eabi/13.2.0/../../../../arm-none-eabi/lib/thumb\libg.a(libc_a-mallocr.o)
                0x030005e8                __malloc_av_
 .data._impure_ptr
                0x030009f0        0x4 C:/devkitPro/devkitARM/bin/../lib/gcc/arm-none-eabi/13.2.0/../../../../arm-none-eabi/lib/thumb\libg.a(libc_a-impure.o)
                0x030009f0                _impure_ptr
 *fill*         0x030009f4        0x4 ff
 .data._impure_data
                0x030009f8      0x120 C:/devkitPro/devkitARM/bin/../lib/gcc/arm-none-eabi/13.2.0/../../../../arm-none-eabi/lib/thumb\libg.a(libc_a-impure.o)
                0x030009f8                _impure_data
 *(.gnu.linkonce.d*)
                0x03000b18                        . = ALIGN (0x4)
                0x08001ce0                        __preinit_lma = (__data_lma + SIZEOF (.data))

.igot.plt       0x03000b18        0x0 load address 0x08001ce0
 .igot.plt      0x03000b18        0x0 C:/devkitPro/devkitARM/bin/../lib/gcc/arm-none-eabi/13.2.0/../../../../arm-none-eabi/lib/thumb/gba_crt0.o

.preinit_array  0x03000b18        0x0 load address 0x08001ce0
                0x03000b18                        __preinit_array_start = ABSOLUTE (.)
 *(.preinit_array)
                0x03000b18                        __preinit_array_end = ABSOLUTE (.)
                0x08001ce0                        __init_lma = (__preinit_lma + SIZEOF (.preinit_array))

.init_array     0x03000b18        0x4 load address 0x08001ce0
                0x03000b18                        __init_array_start = ABSOLUTE (.)
 *(SORT_BY_NAME(.init_array.*))
 *(.init_array)
 .init_array    0x03000b18        0x4 C:/devkitPro/devkitARM/bin/../lib/gcc/arm-none-eabi/13.2.0/thumb/crtbegin.o
                0x03000b1c                        __init_array_end = ABSOLUTE (.)
                0x08001ce4                        __fini_lma = (__init_lma + SIZEOF (.init_array))

.fini_array     0x03000b1c        0x4 load address 0x08001ce4
                0x03000b1c                        __fini_array_start = ABSOLUTE (.)
 *(SORT_BY_NAME(.fini_array.*))
 *(.fini_array)
 .fini_array    0x03000b1c        0x4 C:/devkitPro/devkitARM/bin/../lib/gcc/arm-none-eabi/13.2.0/thumb/crtbegin.o
                0x03000b20                        __fini_array_end = ABSOLUTE (.)
                0x08001ce8                        __jcr_lma = (__fini_lma + SIZEOF (.fini_array))

.jcr
 *(.jcr)
                0x03000b20                        __data_end__ = ABSOLUTE (.)
                0x08001ce8                        __iwram_overlay_lma = (__jcr_lma + SIZEOF (.jcr))
                0x03000b20                        __iwram_overlay_start = .

.iwram0         0x03000b20        0x0 load address 0x08001ce8
 *(.iwram0)
                0x03000b20                        . = ALIGN (0x4)
                0x08001ce8                        PROVIDE (__load_start_iwram0 = LOADADDR (.iwram0))
                0x08001ce8                        PROVIDE (__load_stop_iwram0 = (LOADADDR (.iwram0) + SIZEOF (.iwram0)))

.iwram1         0x03000b20        0x0
 *(.iwram1)
                0x03000b20                        . = ALIGN (0x4)
                [!provide]                        PROVIDE (__load_start_iwram1 = LOADADDR (.iwram1))
                [!provide]                        PROVIDE (__load_stop_iwram1 = (LOADADDR (.iwram1) + SIZEOF (.iwram1)))

.iwram2         0x03000b20        0x0
 *(.iwram2)
                0x03000b20                        . = ALIGN (0x4)
                [!provide]                        PROVIDE (__load_start_iwram2 = LOADADDR (.iwram2))
                [!provide]                        PROVIDE (__load_stop_iwram2 = (LOADADDR (.iwram2) + SIZEOF (.iwram2)))

.iwram3         0x03000b20        0x0
 *(.iwram3)
                0x03000b20                        . = ALIGN (0x4)
                [!provide]                        PROVIDE (__load_start_iwram3 = LOADADDR (.iwram3))
                [!provide]                        PROVIDE (__load_stop_iwram3 = (LOADADDR (.iwram3) + SIZEOF (.iwram3)))

.iwram4         0x03000b20        0x0
 *(.iwram4)
                0x03000b20                        . = ALIGN (0x4)
                [!provide]                        PROVIDE (__load_start_iwram4 = LOADADDR (.iwram4))
                [!provide]                        PROVIDE (__load_stop_iwram4 = (LOADADDR (.iwram4) + SIZEOF (.iwram4)))

.iwram5         0x03000b20        0x0
 *(.iwram5)
                0x03000b20                        . = ALIGN (0x4)
                [!provide]                        PROVIDE (__load_start_iwram5 = LOADADDR (.iwram5))
                [!provide]                        PROVIDE (__load_stop_iwram5 = (LOADADDR (.iwram5) + SIZEOF (.iwram5)))

.iwram6         0x03000b20        0x0
 *(.iwram6)
                0x03000b20                        . = ALIGN (0x4)
                [!provide]                        PROVIDE (__load_start_iwram6 = LOADADDR (.iwram6))
                [!provide]                        PROVIDE (__load_stop_iwram6 = (LOADADDR (.iwram6) + SIZEOF (.iwram6)))

.iwram7         0x03000b20        0x0
 *(.iwram7)
                0x03000b20                        . = ALIGN (0x4)
                [!provide]                        PROVIDE (__load_start_iwram7 = LOADADDR (.iwram7))
                [!provide]                        PROVIDE (__load_stop_iwram7 = (LOADADDR (.iwram7) + SIZEOF (.iwram7)))

.iwram8         0x03000b20        0x0
 *(.iwram8)
                0x03000b20                        . = ALIGN (0x4)
                [!provide]                        PROVIDE (__load_start_iwram8 = LOADADDR (.iwram8))
                [!provide]                        PROVIDE (__load_stop_iwram8 = (LOADADDR (.iwram8) + SIZEOF (.iwram8)))

.iwram9         0x03000b20        0x0
 *(.iwram9)
                0x03000b20                        . = ALIGN (0x4)
                [!provide]                        PROVIDE (__load_start_iwram9 = LOADADDR (.iwram9))
                [!provide]                        PROVIDE (__load_stop_iwram9 = (LOADADDR (.iwram9) + SIZEOF (.iwram9)))
                0x03000b20                        __iwram_overlay_end = .
                0x08001ce8                        __ewram_lma = (__iwram_overlay_lma + (__iwram_overlay_end - __iwram_overlay_start))
                0x03000b20                        __iheap_start = .
                0x02000000                        __ewram_start = ORIGIN (ewram)

.ewram          0x02000000        0x0 load address 0x08001ce8
 *(.ewram*)
                0x02000000                        . = ALIGN (0x4)
                0x02000000                        __ewram_end = ABSOLUTE (.)
                0x08001ce8                        __pad_lma = (__ewram_lma + SIZEOF (.ewram))

.sbss           0x02000000        0x0
                0x02000000                        __sbss_start__ = ABSOLUTE (.)
 *(.sbss*)
                0x02000000                        . = ALIGN (0x4)
                0x02000000                        __sbss_end__ = ABSOLUTE (.)
                0x02000000                        __end__ = ABSOLUTE (.)
                0x02000000                        __eheap_start = ABSOLUTE (.)

.pad            0x02000000        0x8 load address 0x08001ce8
                0x02000000        0x4 LONG 0x52416b64
                0x02000004        0x4 LONG 0x4d
                0x02000008                        . = ALIGN (0x4)
                0x08001cf0                        __rom_end__ = (__pad_lma + SIZEOF (.pad))

.rel.dyn        0x02000008        0x0 load address 0x08001cf0
 .rel.iplt      0x02000008        0x0 C:/devkitPro/devkitARM/bin/../lib/gcc/arm-none-eabi/13.2.0/../../../../arm-none-eabi/lib/thumb/gba_crt0.o

.stab
 *(.stab)

.stabstr
 *(.stabstr)

.stab.excl
 *(.stab.excl)

.stab.exclstr
 *(.stab.exclstr)

.stab.index
 *(.stab.index)

.stab.indexstr
 *(.stab.indexstr)

.comment        0x00000000       0x23
 *(.comment)
 .comment       0x00000000       0x23 C:/devkitPro/devkitARM/bin/../lib/gcc/arm-none-eabi/13.2.0/thumb/crtbegin.o
                                 0x24 (size before relaxing)
 .comment       0x00000023       0x24 gameplay.o
 .comment       0x00000023       0x24 graphics.o
 .comment       0x00000023       0x24 main.o
 .comment       0x00000023       0x24 main_menu.o
 .comment       0x00000023       0x24 run_game.o
 .comment       0x00000023       0x24 C:/devkitPro/libgba/lib\libgba.a(input.o)
 .comment       0x00000023       0x24 C:/devkitPro/libgba/lib\libgba.a(interrupt.o)
 .comment       0x00000023       0x24 C:/devkitPro/devkitARM/bin/../lib/gcc/arm-none-eabi/13.2.0/../../../../arm-none-eabi/lib/thumb\libg.a(libc_a-malloc.o)
 .comment       0x00000023       0x24 C:/devkitPro/devkitARM/bin/../lib/gcc/arm-none-eabi/13.2.0/../../../../arm-none-eabi/lib/thumb\libg.a(libc_a-init.o)
 .comment       0x00000023       0x24 C:/devkitPro/devkitARM/bin/../lib/gcc/arm-none-eabi/13.2.0/../../../../arm-none-eabi/lib/thumb\libg.a(libc_a-mallocr.o)
 .comment       0x00000023       0x24 C:/devkitPro/devkitARM/bin/../lib/gcc/arm-none-eabi/13.2.0/../../../../arm-none-eabi/lib/thumb\libg.a(libc_a-freer.o)
 .comment       0x00000023       0x24 C:/devkitPro/devkitARM/bin/../lib/gcc/arm-none-eabi/13.2.0/../../../../arm-none-eabi/lib/thumb\libg.a(libc_a-mlock.o)
 .comment       0x00000023       0x24 C:/devkitPro/devkitARM/bin/../lib/gcc/arm-none-eabi/13.2.0/../../../../arm-none-eabi/lib/thumb\libsysbase.a(libsysbase_libsysbase_a-getreent.o)
 .comment       0x00000023       0x24 C:/devkitPro/devkitARM/bin/../lib/gcc/arm-none-eabi/13.2.0/../../../../arm-none-eabi/lib/thumb\libsysbase.a(libsysbase_libsysbase_a-malloc_vars.o)
 .comment       0x00000023       0x24 C:/devkitPro/devkitARM/bin/../lib/gcc/arm-none-eabi/13.2.0/../../../../arm-none-eabi/lib/thumb\libsysbase.a(libsysbase_libsysbase_a-sbrk.o)
 .comment       0x00000023       0x24 C:/devkitPro/devkitARM/bin/../lib/gcc/arm-none-eabi/13.2.0/../../../../arm-none-eabi/lib/thumb\libsysbase.a(libsysbase_libsysbase_a-syscall_support.o)
 .comment       0x00000023       0x24 C:/devkitPro/devkitARM/bin/../lib/gcc/arm-none-eabi/13.2.0/../../../../arm-none-eabi/lib/thumb\libg.a(libc_a-impure.o)
 .comment       0x00000023       0x24 C:/devkitPro/devkitARM/bin/../lib/gcc/arm-none-eabi/13.2.0/../../../../arm-none-eabi/lib/thumb\libg.a(libc_a-findfp.o)
 .comment       0x00000023       0x24 C:/devkitPro/devkitARM/bin/../lib/gcc/arm-none-eabi/13.2.0/thumb/crtend.o

.debug
 *(.debug)

.line
 *(.line)

.debug_srcinfo
 *(.debug_srcinfo)

.debug_sfnames
 *(.debug_sfnames)

.debug_aranges  0x00000000      0x100
 *(.debug_aranges)
 .debug_aranges
                0x00000000       0x20 gameplay.o
 .debug_aranges
                0x00000020       0x20 graphics.o
 .debug_aranges
                0x00000040       0x20 main.o
 .debug_aranges
                0x00000060       0x20 main_menu.o
 .debug_aranges
                0x00000080       0x20 run_game.o
 .debug_aranges
                0x000000a0       0x20 C:/devkitPro/libgba/lib\libgba.a(input.o)
 .debug_aranges
                0x000000c0       0x20 C:/devkitPro/libgba/lib\libgba.a(interrupt.o)
 .debug_aranges
                0x000000e0       0x20 C:/devkitPro/libgba/lib\libgba.a(InterruptDispatcher.o)

.debug_pubnames
 *(.debug_pubnames)

.debug_info     0x00000000     0x18da
 *(.debug_info)
 .debug_info    0x00000000      0x379 gameplay.o
 .debug_info    0x00000379      0x547 graphics.o
 .debug_info    0x000008c0      0x290 main.o
 .debug_info    0x00000b50      0x215 main_menu.o
 .debug_info    0x00000d65      0x4f2 run_game.o
 .debug_info    0x00001257      0x246 C:/devkitPro/libgba/lib\libgba.a(input.o)
 .debug_info    0x0000149d      0x418 C:/devkitPro/libgba/lib\libgba.a(interrupt.o)
 .debug_info    0x000018b5       0x25 C:/devkitPro/libgba/lib\libgba.a(InterruptDispatcher.o)

.debug_abbrev   0x00000000      0xb11
 *(.debug_abbrev)
 .debug_abbrev  0x00000000      0x175 gameplay.o
 .debug_abbrev  0x00000175      0x235 graphics.o
 .debug_abbrev  0x000003aa      0x12c main.o
 .debug_abbrev  0x000004d6      0x158 main_menu.o
 .debug_abbrev  0x0000062e      0x183 run_game.o
 .debug_abbrev  0x000007b1      0x12d C:/devkitPro/libgba/lib\libgba.a(input.o)
 .debug_abbrev  0x000008de      0x21f C:/devkitPro/libgba/lib\libgba.a(interrupt.o)
 .debug_abbrev  0x00000afd       0x14 C:/devkitPro/libgba/lib\libgba.a(InterruptDispatcher.o)

.debug_line     0x00000000     0x1844
 *(.debug_line)
 .debug_line    0x00000000      0x328 gameplay.o
 .debug_line    0x00000328      0x40e graphics.o
 .debug_line    0x00000736      0x189 main.o
 .debug_line    0x000008bf       0xf1 main_menu.o
 .debug_line    0x000009b0      0x20d run_game.o
 .debug_line    0x00000bbd      0x2bf C:/devkitPro/libgba/lib\libgba.a(input.o)
 .debug_line    0x00000e7c      0x950 C:/devkitPro/libgba/lib\libgba.a(interrupt.o)
 .debug_line    0x000017cc       0x78 C:/devkitPro/libgba/lib\libgba.a(InterruptDispatcher.o)

.debug_frame    0x00000000      0x324
 *(.debug_frame)
 .debug_frame   0x00000000       0x9c gameplay.o
 .debug_frame   0x0000009c       0xd0 graphics.o
 .debug_frame   0x0000016c       0x28 main.o
 .debug_frame   0x00000194       0x28 main_menu.o
 .debug_frame   0x000001bc       0x38 run_game.o
 .debug_frame   0x000001f4       0x80 C:/devkitPro/libgba/lib\libgba.a(input.o)
 .debug_frame   0x00000274       0xb0 C:/devkitPro/libgba/lib\libgba.a(interrupt.o)

.debug_str      0x00000000      0x91d
 *(.debug_str)
 .debug_str     0x00000000      0x91d gameplay.o
                                0x2f2 (size before relaxing)
 .debug_str     0x0000091d      0x214 graphics.o
 .debug_str     0x0000091d      0x31f main.o
 .debug_str     0x0000091d      0x188 main_menu.o
 .debug_str     0x0000091d      0x297 run_game.o
 .debug_str     0x0000091d      0x236 C:/devkitPro/libgba/lib\libgba.a(input.o)
 .debug_str     0x0000091d      0x334 C:/devkitPro/libgba/lib\libgba.a(interrupt.o)
 .debug_str     0x0000091d       0xba C:/devkitPro/libgba/lib\libgba.a(InterruptDispatcher.o)

.debug_loc
 *(.debug_loc)

.debug_macinfo
 *(.debug_macinfo)

.debug_weaknames
 *(.debug_weaknames)

.debug_funcnames
 *(.debug_funcnames)

.debug_typenames
 *(.debug_typenames)

.debug_varnames
 *(.debug_varnames)

.stack          0x00080000        0x0
                0x00080000                        _stack = .
 *(.stack)

.note.gnu.arm.ident
 *(.note.gnu.arm.ident)

.ARM.attributes
                0x00000000       0x2c
 *(.ARM.attributes)
 .ARM.attributes
                0x00000000       0x20 C:/devkitPro/devkitARM/bin/../lib/gcc/arm-none-eabi/13.2.0/../../../../arm-none-eabi/lib/thumb/gba_crt0.o
 .ARM.attributes
                0x00000020       0x1c C:/devkitPro/devkitARM/bin/../lib/gcc/arm-none-eabi/13.2.0/thumb/crti.o
 .ARM.attributes
                0x0000003c       0x2a C:/devkitPro/devkitARM/bin/../lib/gcc/arm-none-eabi/13.2.0/thumb/crtbegin.o
 .ARM.attributes
                0x00000066       0x2a end_game.o
 .ARM.attributes
                0x00000090       0x2a gameplay.o
 .ARM.attributes
                0x000000ba       0x2a graphics.o
 .ARM.attributes
                0x000000e4       0x2a main.o
 .ARM.attributes
                0x0000010e       0x2a main_menu.o
 .ARM.attributes
                0x00000138       0x2a run_game.o
 .ARM.attributes
                0x00000162       0x2a set_game.o
 .ARM.attributes
                0x0000018c       0x2a C:/devkitPro/libgba/lib\libgba.a(input.o)
 .ARM.attributes
                0x000001b6       0x2a C:/devkitPro/libgba/lib\libgba.a(interrupt.o)
 .ARM.attributes
                0x000001e0       0x1a C:/devkitPro/libgba/lib\libgba.a(InterruptDispatcher.o)
 .ARM.attributes
                0x000001fa       0x2a C:/devkitPro/devkitARM/bin/../lib/gcc/arm-none-eabi/13.2.0/../../../../arm-none-eabi/lib/thumb\libg.a(libc_a-malloc.o)
 .ARM.attributes
                0x00000224       0x2a C:/devkitPro/devkitARM/bin/../lib/gcc/arm-none-eabi/13.2.0/../../../../arm-none-eabi/lib/thumb\libg.a(libc_a-init.o)
 .ARM.attributes
                0x0000024e       0x2a C:/devkitPro/devkitARM/bin/../lib/gcc/arm-none-eabi/13.2.0/../../../../arm-none-eabi/lib/thumb\libg.a(libc_a-mallocr.o)
 .ARM.attributes
                0x00000278       0x2a C:/devkitPro/devkitARM/bin/../lib/gcc/arm-none-eabi/13.2.0/../../../../arm-none-eabi/lib/thumb\libg.a(libc_a-freer.o)
 .ARM.attributes
                0x000002a2       0x2a C:/devkitPro/devkitARM/bin/../lib/gcc/arm-none-eabi/13.2.0/../../../../arm-none-eabi/lib/thumb\libg.a(libc_a-mlock.o)
 .ARM.attributes
                0x000002cc       0x2a C:/devkitPro/devkitARM/bin/../lib/gcc/arm-none-eabi/13.2.0/../../../../arm-none-eabi/lib/thumb\libsysbase.a(libsysbase_libsysbase_a-getreent.o)
 .ARM.attributes
                0x000002f6       0x2a C:/devkitPro/devkitARM/bin/../lib/gcc/arm-none-eabi/13.2.0/../../../../arm-none-eabi/lib/thumb\libsysbase.a(libsysbase_libsysbase_a-malloc_vars.o)
 .ARM.attributes
                0x00000320       0x2a C:/devkitPro/devkitARM/bin/../lib/gcc/arm-none-eabi/13.2.0/../../../../arm-none-eabi/lib/thumb\libsysbase.a(libsysbase_libsysbase_a-sbrk.o)
 .ARM.attributes
                0x0000034a       0x2a C:/devkitPro/devkitARM/bin/../lib/gcc/arm-none-eabi/13.2.0/../../../../arm-none-eabi/lib/thumb\libsysbase.a(libsysbase_libsysbase_a-syscall_support.o)
 .ARM.attributes
                0x00000374       0x2a C:/devkitPro/devkitARM/bin/../lib/gcc/arm-none-eabi/13.2.0/../../../../arm-none-eabi/lib/thumb\libsysbase.a(libsysbase_libsysbase_a-clocks.o)
 .ARM.attributes
                0x0000039e       0x1c C:/devkitPro/devkitARM/bin/../lib/gcc/arm-none-eabi/13.2.0/thumb\libgcc.a(_udivsi3.o)
 .ARM.attributes
                0x000003ba       0x1c C:/devkitPro/devkitARM/bin/../lib/gcc/arm-none-eabi/13.2.0/thumb\libgcc.a(_divsi3.o)
 .ARM.attributes
                0x000003d6       0x1c C:/devkitPro/devkitARM/bin/../lib/gcc/arm-none-eabi/13.2.0/thumb\libgcc.a(_dvmd_tls.o)
 .ARM.attributes
                0x000003f2       0x2a C:/devkitPro/devkitARM/bin/../lib/gcc/arm-none-eabi/13.2.0/thumb\libgcc.a(_muldi3.o)
 .ARM.attributes
                0x0000041c       0x2a C:/devkitPro/devkitARM/bin/../lib/gcc/arm-none-eabi/13.2.0/../../../../arm-none-eabi/lib/thumb\libg.a(libc_a-impure.o)
 .ARM.attributes
                0x00000446       0x2a C:/devkitPro/devkitARM/bin/../lib/gcc/arm-none-eabi/13.2.0/../../../../arm-none-eabi/lib/thumb\libg.a(libc_a-findfp.o)
 .ARM.attributes
                0x00000470       0x2a C:/devkitPro/devkitARM/bin/../lib/gcc/arm-none-eabi/13.2.0/../../../../arm-none-eabi/lib/thumb\libg.a(libc_a-errno.o)
 .ARM.attributes
                0x0000049a       0x2a C:/devkitPro/devkitARM/bin/../lib/gcc/arm-none-eabi/13.2.0/../../../../arm-none-eabi/lib/thumb\libg.a(libc_a-memset.o)
 .ARM.attributes
                0x000004c4       0x2a C:/devkitPro/devkitARM/bin/../lib/gcc/arm-none-eabi/13.2.0/../../../../arm-none-eabi/lib/thumb\libg.a(libc_a-fwalk.o)
 .ARM.attributes
                0x000004ee       0x2a C:/devkitPro/devkitARM/bin/../lib/gcc/arm-none-eabi/13.2.0/../../../../arm-none-eabi/lib/thumb\libg.a(libc_a-stdio.o)
 .ARM.attributes
                0x00000518       0x2a C:/devkitPro/devkitARM/bin/../lib/gcc/arm-none-eabi/13.2.0/../../../../arm-none-eabi/lib/thumb\libg.a(libc_a-fclose.o)
 .ARM.attributes
                0x00000542       0x2a C:/devkitPro/devkitARM/bin/../lib/gcc/arm-none-eabi/13.2.0/../../../../arm-none-eabi/lib/thumb\libg.a(libc_a-fflush.o)
 .ARM.attributes
                0x0000056c       0x2a C:/devkitPro/devkitARM/bin/../lib/gcc/arm-none-eabi/13.2.0/../../../../arm-none-eabi/lib/thumb\libsysbase.a(libsysbase_libsysbase_a-handle_manager.o)
 .ARM.attributes
                0x00000596       0x2a C:/devkitPro/devkitARM/bin/../lib/gcc/arm-none-eabi/13.2.0/../../../../arm-none-eabi/lib/thumb\libsysbase.a(libsysbase_libsysbase_a-iosupport.o)
 .ARM.attributes
                0x000005c0       0x2a C:/devkitPro/devkitARM/bin/../lib/gcc/arm-none-eabi/13.2.0/../../../../arm-none-eabi/lib/thumb\libsysbase.a(libsysbase_libsysbase_a-lseek.o)
 .ARM.attributes
                0x000005ea       0x2a C:/devkitPro/devkitARM/bin/../lib/gcc/arm-none-eabi/13.2.0/../../../../arm-none-eabi/lib/thumb\libsysbase.a(libsysbase_libsysbase_a-read.o)
 .ARM.attributes
                0x00000614       0x2a C:/devkitPro/devkitARM/bin/../lib/gcc/arm-none-eabi/13.2.0/../../../../arm-none-eabi/lib/thumb\libsysbase.a(libsysbase_libsysbase_a-write.o)
 .ARM.attributes
                0x0000063e       0x2a C:/devkitPro/devkitARM/bin/../lib/gcc/arm-none-eabi/13.2.0/../../../../arm-none-eabi/lib/thumb\libg.a(libc_a-strncmp.o)
 .ARM.attributes
                0x00000668       0x2a C:/devkitPro/devkitARM/bin/../lib/gcc/arm-none-eabi/13.2.0/../../../../arm-none-eabi/lib/thumb\libg.a(libc_a-strchr.o)
 .ARM.attributes
                0x00000692       0x2a C:/devkitPro/devkitARM/bin/../lib/gcc/arm-none-eabi/13.2.0/../../../../arm-none-eabi/lib/thumb\libg.a(libc_a-strlen-stub.o)
 .ARM.attributes
                0x000006bc       0x2a C:/devkitPro/devkitARM/bin/../lib/gcc/arm-none-eabi/13.2.0/../../../../arm-none-eabi/lib/thumb\libg.a(libc_a-ctype_.o)
 .ARM.attributes
                0x000006e6       0x1a C:/devkitPro/devkitARM/bin/../lib/gcc/arm-none-eabi/13.2.0/../../../../arm-none-eabi/lib/thumb\libg.a(libc_a-strcmp.o)
 .ARM.attributes
                0x00000700       0x2a C:/devkitPro/devkitARM/bin/../lib/gcc/arm-none-eabi/13.2.0/thumb/crtend.o
 .ARM.attributes
                0x0000072a       0x1c C:/devkitPro/devkitARM/bin/../lib/gcc/arm-none-eabi/13.2.0/thumb/crtn.o

/DISCARD/
 *(.note.GNU-stack)
LOAD C:/devkitPro/devkitARM/bin/../lib/gcc/arm-none-eabi/13.2.0/../../../../arm-none-eabi/lib/thumb/gba_crt0.o
LOAD C:/devkitPro/devkitARM/bin/../lib/gcc/arm-none-eabi/13.2.0/thumb/crti.o
LOAD C:/devkitPro/devkitARM/bin/../lib/gcc/arm-none-eabi/13.2.0/thumb/crtbegin.o
LOAD end_game.o
LOAD gameplay.o
LOAD graphics.o
LOAD main.o
LOAD main_menu.o
LOAD run_game.o
LOAD set_game.o
LOAD C:/devkitPro/libgba/lib\libmm.a
LOAD C:/devkitPro/libgba/lib\libgba.a
START GROUP
LOAD C:/devkitPro/devkitARM/bin/../lib/gcc/arm-none-eabi/13.2.0/thumb\libgcc.a
LOAD C:/devkitPro/devkitARM/bin/../lib/gcc/arm-none-eabi/13.2.0/../../../../arm-none-eabi/lib/thumb\libg.a
LOAD C:/devkitPro/devkitARM/bin/../lib/gcc/arm-none-eabi/13.2.0/../../../../arm-none-eabi/lib/thumb\libc.a
LOAD C:/devkitPro/devkitARM/bin/../lib/gcc/arm-none-eabi/13.2.0/../../../../arm-none-eabi/lib/thumb\libsysbase.a
END GROUP
LOAD C:/devkitPro/devkitARM/bin/../lib/gcc/arm-none-eabi/13.2.0/thumb/crtend.o
LOAD C:/devkitPro/devkitARM/bin/../lib/gcc/arm-none-eabi/13.2.0/thumb/crtn.o
OUTPUT(C:/dev/gba/Zoes-Pong/Zoes-Pong.elf elf32-littlearm)
LOAD linker stubs

.debug_loclists
                0x00000000      0x750
 .debug_loclists
                0x00000000      0x132 gameplay.o
 .debug_loclists
                0x00000132      0x22c graphics.o
 .debug_loclists
                0x0000035e       0x1a main.o
 .debug_loclists
                0x00000378       0x1b main_menu.o
 .debug_loclists
                0x00000393       0x7e run_game.o
 .debug_loclists
                0x00000411       0x4b C:/devkitPro/libgba/lib\libgba.a(input.o)
 .debug_loclists
                0x0000045c      0x2f4 C:/devkitPro/libgba/lib\libgba.a(interrupt.o)

.debug_rnglists
                0x00000000      0x104
 .debug_rnglists
                0x00000000       0xae graphics.o
 .debug_rnglists
                0x000000ae       0x13 main.o
 .debug_rnglists
                0x000000c1       0x43 C:/devkitPro/libgba/lib\libgba.a(interrupt.o)

.debug_line_str
                0x00000000       0xae
 .debug_line_str
                0x00000000       0xae C:/devkitPro/libgba/lib\libgba.a(InterruptDispatcher.o)
